Archive member included to satisfy reference by file (symbol)

C:/ST/STM32CubeIDE_1.13.2/STM32CubeIDE/plugins/com.st.stm32cube.ide.mcu.externaltools.gnu-tools-for-stm32.11.3.rel1.win32_1.1.1.202309131626/tools/bin/../lib/gcc/arm-none-eabi/11.3.1/../../../../arm-none-eabi/lib/thumb/v7e-m+fp/hard\libc_nano.a(libc_a-exit.o)
                              C:/ST/STM32CubeIDE_1.13.2/STM32CubeIDE/plugins/com.st.stm32cube.ide.mcu.externaltools.gnu-tools-for-stm32.11.3.rel1.win32_1.1.1.202309131626/tools/bin/../lib/gcc/arm-none-eabi/11.3.1/../../../../arm-none-eabi/lib/thumb/v7e-m+fp/hard/crt0.o (exit)
C:/ST/STM32CubeIDE_1.13.2/STM32CubeIDE/plugins/com.st.stm32cube.ide.mcu.externaltools.gnu-tools-for-stm32.11.3.rel1.win32_1.1.1.202309131626/tools/bin/../lib/gcc/arm-none-eabi/11.3.1/../../../../arm-none-eabi/lib/thumb/v7e-m+fp/hard\libc_nano.a(libc_a-nano-vfprintf_float.o)
                              (_printf_float)
C:/ST/STM32CubeIDE_1.13.2/STM32CubeIDE/plugins/com.st.stm32cube.ide.mcu.externaltools.gnu-tools-for-stm32.11.3.rel1.win32_1.1.1.202309131626/tools/bin/../lib/gcc/arm-none-eabi/11.3.1/../../../../arm-none-eabi/lib/thumb/v7e-m+fp/hard\libc_nano.a(libc_a-nano-vfprintf_i.o)
                              C:/ST/STM32CubeIDE_1.13.2/STM32CubeIDE/plugins/com.st.stm32cube.ide.mcu.externaltools.gnu-tools-for-stm32.11.3.rel1.win32_1.1.1.202309131626/tools/bin/../lib/gcc/arm-none-eabi/11.3.1/../../../../arm-none-eabi/lib/thumb/v7e-m+fp/hard\libc_nano.a(libc_a-nano-vfprintf_float.o) (_printf_common)
C:/ST/STM32CubeIDE_1.13.2/STM32CubeIDE/plugins/com.st.stm32cube.ide.mcu.externaltools.gnu-tools-for-stm32.11.3.rel1.win32_1.1.1.202309131626/tools/bin/../lib/gcc/arm-none-eabi/11.3.1/../../../../arm-none-eabi/lib/thumb/v7e-m+fp/hard\libc_nano.a(libc_a-findfp.o)
                              ./Middlewares/Third_Party/FreeRTOS/Source/tasks.o (__sf)
C:/ST/STM32CubeIDE_1.13.2/STM32CubeIDE/plugins/com.st.stm32cube.ide.mcu.externaltools.gnu-tools-for-stm32.11.3.rel1.win32_1.1.1.202309131626/tools/bin/../lib/gcc/arm-none-eabi/11.3.1/../../../../arm-none-eabi/lib/thumb/v7e-m+fp/hard\libc_nano.a(libc_a-fwalk.o)
                              C:/ST/STM32CubeIDE_1.13.2/STM32CubeIDE/plugins/com.st.stm32cube.ide.mcu.externaltools.gnu-tools-for-stm32.11.3.rel1.win32_1.1.1.202309131626/tools/bin/../lib/gcc/arm-none-eabi/11.3.1/../../../../arm-none-eabi/lib/thumb/v7e-m+fp/hard\libc_nano.a(libc_a-findfp.o) (_fwalk_sglue)
C:/ST/STM32CubeIDE_1.13.2/STM32CubeIDE/plugins/com.st.stm32cube.ide.mcu.externaltools.gnu-tools-for-stm32.11.3.rel1.win32_1.1.1.202309131626/tools/bin/../lib/gcc/arm-none-eabi/11.3.1/../../../../arm-none-eabi/lib/thumb/v7e-m+fp/hard\libc_nano.a(libc_a-printf.o)
                              ./Core/Src/scheduler.o (printf)
C:/ST/STM32CubeIDE_1.13.2/STM32CubeIDE/plugins/com.st.stm32cube.ide.mcu.externaltools.gnu-tools-for-stm32.11.3.rel1.win32_1.1.1.202309131626/tools/bin/../lib/gcc/arm-none-eabi/11.3.1/../../../../arm-none-eabi/lib/thumb/v7e-m+fp/hard\libc_nano.a(libc_a-puts.o)
                              ./Core/Src/freertos.o (puts)
C:/ST/STM32CubeIDE_1.13.2/STM32CubeIDE/plugins/com.st.stm32cube.ide.mcu.externaltools.gnu-tools-for-stm32.11.3.rel1.win32_1.1.1.202309131626/tools/bin/../lib/gcc/arm-none-eabi/11.3.1/../../../../arm-none-eabi/lib/thumb/v7e-m+fp/hard\libc_nano.a(libc_a-sprintf.o)
                              ./Core/Src/panda_psx_controller.o (sprintf)
C:/ST/STM32CubeIDE_1.13.2/STM32CubeIDE/plugins/com.st.stm32cube.ide.mcu.externaltools.gnu-tools-for-stm32.11.3.rel1.win32_1.1.1.202309131626/tools/bin/../lib/gcc/arm-none-eabi/11.3.1/../../../../arm-none-eabi/lib/thumb/v7e-m+fp/hard\libc_nano.a(libc_a-stdio.o)
                              C:/ST/STM32CubeIDE_1.13.2/STM32CubeIDE/plugins/com.st.stm32cube.ide.mcu.externaltools.gnu-tools-for-stm32.11.3.rel1.win32_1.1.1.202309131626/tools/bin/../lib/gcc/arm-none-eabi/11.3.1/../../../../arm-none-eabi/lib/thumb/v7e-m+fp/hard\libc_nano.a(libc_a-findfp.o) (__sread)
C:/ST/STM32CubeIDE_1.13.2/STM32CubeIDE/plugins/com.st.stm32cube.ide.mcu.externaltools.gnu-tools-for-stm32.11.3.rel1.win32_1.1.1.202309131626/tools/bin/../lib/gcc/arm-none-eabi/11.3.1/../../../../arm-none-eabi/lib/thumb/v7e-m+fp/hard\libc_nano.a(libc_a-wbuf.o)
                              C:/ST/STM32CubeIDE_1.13.2/STM32CubeIDE/plugins/com.st.stm32cube.ide.mcu.externaltools.gnu-tools-for-stm32.11.3.rel1.win32_1.1.1.202309131626/tools/bin/../lib/gcc/arm-none-eabi/11.3.1/../../../../arm-none-eabi/lib/thumb/v7e-m+fp/hard\libc_nano.a(libc_a-puts.o) (__swbuf_r)
C:/ST/STM32CubeIDE_1.13.2/STM32CubeIDE/plugins/com.st.stm32cube.ide.mcu.externaltools.gnu-tools-for-stm32.11.3.rel1.win32_1.1.1.202309131626/tools/bin/../lib/gcc/arm-none-eabi/11.3.1/../../../../arm-none-eabi/lib/thumb/v7e-m+fp/hard\libc_nano.a(libc_a-wsetup.o)
[...]
Memory Configuration

Name             Origin             Length             Attributes
RAM              0x0000000020000000 0x0000000000018000 xrw
FLASH            0x0000000008000000 0x0000000000080000 xr
*default*        0x0000000000000000 0xffffffffffffffff

Linker script and memory map

LOAD C:/ST/STM32CubeIDE_1.13.2/STM32CubeIDE/plugins/com.st.stm32cube.ide.mcu.externaltools.gnu-tools-for-stm32.11.3.rel1.win32_1.1.1.202309131626/tools/bin/../lib/gcc/arm-none-eabi/11.3.1/thumb/v7e-m+fp/hard/crti.o
LOAD C:/ST/STM32CubeIDE_1.13.2/STM32CubeIDE/plugins/com.st.stm32cube.ide.mcu.externaltools.gnu-tools-for-stm32.11.3.rel1.win32_1.1.1.202309131626/tools/bin/../lib/gcc/arm-none-eabi/11.3.1/thumb/v7e-m+fp/hard/crtbegin.o
LOAD C:/ST/STM32CubeIDE_1.13.2/STM32CubeIDE/plugins/com.st.stm32cube.ide.mcu.externaltools.gnu-tools-for-stm32.11.3.rel1.win32_1.1.1.202309131626/tools/bin/../lib/gcc/arm-none-eabi/11.3.1/../../../../arm-none-eabi/lib/thumb/v7e-m+fp/hard/crt0.o
LOAD ./Core/Src/FreeRTOS_Tasks.o
LOAD ./Core/Src/adc.o
LOAD ./Core/Src/freertos.o
LOAD ./Core/Src/gpio.o
LOAD ./Core/Src/i2c.o
LOAD ./Core/Src/main.o
LOAD ./Core/Src/panda_comunication.o
LOAD ./Core/Src/panda_hcsr04_driver.o
LOAD ./Core/Src/panda_motor_driver.o
LOAD ./Core/Src/panda_mpu6050.o
LOAD ./Core/Src/panda_psx_controller.o
LOAD ./Core/Src/scheduler.o
LOAD ./Core/Src/spi.o
LOAD ./Core/Src/stm32f4xx_hal_msp.o
LOAD ./Core/Src/stm32f4xx_hal_timebase_tim.o
LOAD ./Core/Src/stm32f4xx_it.o
LOAD ./Core/Src/syscalls.o
LOAD ./Core/Src/sysmem.o
LOAD ./Core/Src/system_stm32f4xx.o
LOAD ./Core/Src/tim.o
LOAD ./Core/Src/usart.o
LOAD ./Core/Startup/startup_stm32f401retx.o
LOAD ./Drivers/STM32F4xx_HAL_Driver/Src/stm32f4xx_hal.o
LOAD ./Drivers/STM32F4xx_HAL_Driver/Src/stm32f4xx_hal_adc.o
LOAD ./Drivers/STM32F4xx_HAL_Driver/Src/stm32f4xx_hal_adc_ex.o
LOAD ./Drivers/STM32F4xx_HAL_Driver/Src/stm32f4xx_hal_cortex.o
LOAD ./Drivers/STM32F4xx_HAL_Driver/Src/stm32f4xx_hal_dma.o
LOAD ./Drivers/STM32F4xx_HAL_Driver/Src/stm32f4xx_hal_dma_ex.o
LOAD ./Drivers/STM32F4xx_HAL_Driver/Src/stm32f4xx_hal_exti.o
LOAD ./Drivers/STM32F4xx_HAL_Driver/Src/stm32f4xx_hal_flash.o
LOAD ./Drivers/STM32F4xx_HAL_Driver/Src/stm32f4xx_hal_flash_ex.o
LOAD ./Drivers/STM32F4xx_HAL_Driver/Src/stm32f4xx_hal_flash_ramfunc.o
LOAD ./Drivers/STM32F4xx_HAL_Driver/Src/stm32f4xx_hal_gpio.o
LOAD ./Drivers/STM32F4xx_HAL_Driver/Src/stm32f4xx_hal_i2c.o
LOAD ./Drivers/STM32F4xx_HAL_Driver/Src/stm32f4xx_hal_i2c_ex.o
LOAD ./Drivers/STM32F4xx_HAL_Driver/Src/stm32f4xx_hal_pwr.o
LOAD ./Drivers/STM32F4xx_HAL_Driver/Src/stm32f4xx_hal_pwr_ex.o
LOAD ./Drivers/STM32F4xx_HAL_Driver/Src/stm32f4xx_hal_rcc.o
LOAD ./Drivers/STM32F4xx_HAL_Driver/Src/stm32f4xx_hal_rcc_ex.o
LOAD ./Drivers/STM32F4xx_HAL_Driver/Src/stm32f4xx_hal_spi.o
LOAD ./Drivers/STM32F4xx_HAL_Driver/Src/stm32f4xx_hal_tim.o
LOAD ./Drivers/STM32F4xx_HAL_Driver/Src/stm32f4xx_hal_tim_ex.o
LOAD ./Drivers/STM32F4xx_HAL_Driver/Src/stm32f4xx_hal_uart.o
LOAD ./Drivers/STM32F4xx_HAL_Driver/Src/stm32f4xx_ll_adc.o
LOAD ./Middlewares/Third_Party/FreeRTOS/Source/CMSIS_RTOS_V2/cmsis_os2.o
LOAD ./Middlewares/Third_Party/FreeRTOS/Source/croutine.o
LOAD ./Middlewares/Third_Party/FreeRTOS/Source/event_groups.o
LOAD ./Middlewares/Third_Party/FreeRTOS/Source/list.o
LOAD ./Middlewares/Third_Party/FreeRTOS/Source/queue.o
LOAD ./Middlewares/Third_Party/FreeRTOS/Source/stream_buffer.o
LOAD ./Middlewares/Third_Party/FreeRTOS/Source/tasks.o
LOAD ./Middlewares/Third_Party/FreeRTOS/Source/timers.o
LOAD ./Middlewares/Third_Party/FreeRTOS/Source/portable/GCC/ARM_CM4F/port.o
LOAD ./Middlewares/Third_Party/FreeRTOS/Source/portable/MemMang/heap_4.o
START GROUP
LOAD C:/ST/STM32CubeIDE_1.13.2/STM32CubeIDE/plugins/com.st.stm32cube.ide.mcu.externaltools.gnu-tools-for-stm32.11.3.rel1.win32_1.1.1.202309131626/tools/bin/../lib/gcc/arm-none-eabi/11.3.1/../../../../arm-none-eabi/lib/thumb/v7e-m+fp/hard\libc_nano.a
LOAD C:/ST/STM32CubeIDE_1.13.2/STM32CubeIDE/plugins/com.st.stm32cube.ide.mcu.externaltools.gnu-tools-for-stm32.11.3.rel1.win32_1.1.1.202309131626/tools/bin/../lib/gcc/arm-none-eabi/11.3.1/../../../../arm-none-eabi/lib/thumb/v7e-m+fp/hard\libm.a
END GROUP
START GROUP
LOAD C:/ST/STM32CubeIDE_1.13.2/STM32CubeIDE/plugins/com.st.stm32cube.ide.mcu.externaltools.gnu-tools-for-stm32.11.3.rel1.win32_1.1.1.202309131626/tools/bin/../lib/gcc/arm-none-eabi/11.3.1/thumb/v7e-m+fp/hard\libgcc.a
LOAD C:/ST/STM32CubeIDE_1.13.2/STM32CubeIDE/plugins/com.st.stm32cube.ide.mcu.externaltools.gnu-tools-for-stm32.11.3.rel1.win32_1.1.1.202309131626/tools/bin/../lib/gcc/arm-none-eabi/11.3.1/../../../../arm-none-eabi/lib/thumb/v7e-m+fp/hard\libc_nano.a
END GROUP
START GROUP
LOAD C:/ST/STM32CubeIDE_1.13.2/STM32CubeIDE/plugins/com.st.stm32cube.ide.mcu.externaltools.gnu-tools-for-stm32.11.3.rel1.win32_1.1.1.202309131626/tools/bin/../lib/gcc/arm-none-eabi/11.3.1/thumb/v7e-m+fp/hard\libgcc.a
LOAD C:/ST/STM32CubeIDE_1.13.2/STM32CubeIDE/plugins/com.st.stm32cube.ide.mcu.externaltools.gnu-tools-for-stm32.11.3.rel1.win32_1.1.1.202309131626/tools/bin/../lib/gcc/arm-none-eabi/11.3.1/../../../../arm-none-eabi/lib/thumb/v7e-m+fp/hard\libc_nano.a
LOAD C:/ST/STM32CubeIDE_1.13.2/STM32CubeIDE/plugins/com.st.stm32cube.ide.mcu.externaltools.gnu-tools-for-stm32.11.3.rel1.win32_1.1.1.202309131626/tools/bin/../lib/gcc/arm-none-eabi/11.3.1/../../../../arm-none-eabi/lib/thumb/v7e-m+fp/hard\libnosys.a
END GROUP
START GROUP
LOAD C:/ST/STM32CubeIDE_1.13.2/STM32CubeIDE/plugins/com.st.stm32cube.ide.mcu.externaltools.gnu-tools-for-stm32.11.3.rel1.win32_1.1.1.202309131626/tools/bin/../lib/gcc/arm-none-eabi/11.3.1/thumb/v7e-m+fp/hard\libgcc.a
LOAD C:/ST/STM32CubeIDE_1.13.2/STM32CubeIDE/plugins/com.st.stm32cube.ide.mcu.externaltools.gnu-tools-for-stm32.11.3.rel1.win32_1.1.1.202309131626/tools/bin/../lib/gcc/arm-none-eabi/11.3.1/../../../../arm-none-eabi/lib/thumb/v7e-m+fp/hard\libc_nano.a
LOAD C:/ST/STM32CubeIDE_1.13.2/STM32CubeIDE/plugins/com.st.stm32cube.ide.mcu.externaltools.gnu-tools-for-stm32.11.3.rel1.win32_1.1.1.202309131626/tools/bin/../lib/gcc/arm-none-eabi/11.3.1/../../../../arm-none-eabi/lib/thumb/v7e-m+fp/hard\libnosys.a
END GROUP
LOAD C:/ST/STM32CubeIDE_1.13.2/STM32CubeIDE/plugins/com.st.stm32cube.ide.mcu.externaltools.gnu-tools-for-stm32.11.3.rel1.win32_1.1.1.202309131626/tools/bin/../lib/gcc/arm-none-eabi/11.3.1/thumb/v7e-m+fp/hard/crtend.o
LOAD C:/ST/STM32CubeIDE_1.13.2/STM32CubeIDE/plugins/com.st.stm32cube.ide.mcu.externaltools.gnu-tools-for-stm32.11.3.rel1.win32_1.1.1.202309131626/tools/bin/../lib/gcc/arm-none-eabi/11.3.1/thumb/v7e-m+fp/hard/crtn.o
                0x0000000020018000                _estack = (ORIGIN (RAM) + LENGTH (RAM))
                0x0000000000000200                _Min_Heap_Size = 0x200
                0x0000000000000400                _Min_Stack_Size = 0x400

.isr_vector     0x0000000008000000      0x194
                0x0000000008000000                . = ALIGN (0x4)
 *(.isr_vector)
 .isr_vector    0x0000000008000000      0x194 ./Core/Startup/startup_stm32f401retx.o
                0x0000000008000000                g_pfnVectors
                0x0000000008000194                . = ALIGN (0x4)

.text           0x00000000080001a0     0xdb04
                0x00000000080001a0                . = ALIGN (0x4)
 *(.text)
 .text          0x00000000080001a0       0x40 C:/ST/STM32CubeIDE_1.13.2/STM32CubeIDE/plugins/com.st.stm32cube.ide.mcu.externaltools.gnu-tools-for-stm32.11.3.rel1.win32_1.1.1.202309131626/tools/bin/../lib/gcc/arm-none-eabi/11.3.1/thumb/v7e-m+fp/hard/crtbegin.o
 .text          0x00000000080001e0       0xa0 C:/ST/STM32CubeIDE_1.13.2/STM32CubeIDE/plugins/com.st.stm32cube.ide.mcu.externaltools.gnu-tools-for-stm32.11.3.rel1.win32_1.1.1.202309131626/tools/bin/../lib/gcc/arm-none-eabi/11.3.1/../../../../arm-none-eabi/lib/thumb/v7e-m+fp/hard\libc_nano.a(libc_a-memchr.o)
                0x00000000080001e0                memchr
 .text          0x0000000008000280       0x10 C:/ST/STM32CubeIDE_1.13.2/STM32CubeIDE/plugins/com.st.stm32cube.ide.mcu.externaltools.gnu-tools-for-stm32.11.3.rel1.win32_1.1.1.202309131626/tools/bin/../lib/gcc/arm-none-eabi/11.3.1/../../../../arm-none-eabi/lib/thumb/v7e-m+fp/hard\libc_nano.a(libc_a-strlen.o)
                0x0000000008000280                strlen
 .text          0x0000000008000290      0x378 C:/ST/STM32CubeIDE_1.13.2/STM32CubeIDE/plugins/com.st.stm32cube.ide.mcu.externaltools.gnu-tools-for-stm32.11.3.rel1.win32_1.1.1.202309131626/tools/bin/../lib/gcc/arm-none-eabi/11.3.1/thumb/v7e-m+fp/hard\libgcc.a(_arm_addsubdf3.o)
                0x0000000008000290                __aeabi_drsub
                0x0000000008000298                __aeabi_dsub
                0x0000000008000298                __subdf3
                0x000000000800029c                __aeabi_dadd
                0x000000000800029c                __adddf3
                0x0000000008000514                __floatunsidf
                0x0000000008000514                __aeabi_ui2d
                0x0000000008000534                __floatsidf
                0x0000000008000534                __aeabi_i2d
                0x0000000008000558                __aeabi_f2d
                0x0000000008000558                __extendsfdf2
                0x000000000800059c                __floatundidf
                0x000000000800059c                __aeabi_ul2d
                0x00000000080005ac                __floatdidf
                0x00000000080005ac                __aeabi_l2d
 .text          0x0000000008000608      0x424 C:/ST/STM32CubeIDE_1.13.2/STM32CubeIDE/plugins/com.st.stm32cube.ide.mcu.externaltools.gnu-tools-for-stm32.11.3.rel1.win32_1.1.1.202309131626/tools/bin/../lib/gcc/arm-none-eabi/11.3.1/thumb/v7e-m+fp/hard\libgcc.a(_arm_muldivdf3.o)
                0x0000000008000608                __aeabi_dmul
                0x0000000008000608                __muldf3
                0x000000000800085c                __divdf3
                0x000000000800085c                __aeabi_ddiv
 .text          0x0000000008000a2c      0x110 C:/ST/STM32CubeIDE_1.13.2/STM32CubeIDE/plugins/com.st.stm32cube.ide.mcu.externaltools.gnu-tools-for-stm32.11.3.rel1.win32_1.1.1.202309131626/tools/bin/../lib/gcc/arm-none-eabi/11.3.1/thumb/v7e-m+fp/hard\libgcc.a(_arm_cmpdf2.o)
                0x0000000008000a2c                __gtdf2
                0x0000000008000a2c                __gedf2
                0x0000000008000a34                __ltdf2
                0x0000000008000a34                __ledf2
                0x0000000008000a3c                __nedf2
                0x0000000008000a3c                __eqdf2
                0x0000000008000a3c                __cmpdf2
                0x0000000008000ab8                __aeabi_cdrcmple
                0x0000000008000ac8                __aeabi_cdcmpeq
                0x0000000008000ac8                __aeabi_cdcmple
                0x0000000008000ad8                __aeabi_dcmpeq
                0x0000000008000aec                __aeabi_dcmplt
                0x0000000008000b00                __aeabi_dcmple
                0x0000000008000b14                __aeabi_dcmpge
                0x0000000008000b28                __aeabi_dcmpgt
 .text          0x0000000008000b3c       0x2c C:/ST/STM32CubeIDE_1.13.2/STM32CubeIDE/plugins/com.st.stm32cube.ide.mcu.externaltools.gnu-tools-for-stm32.11.3.rel1.win32_1.1.1.202309131626/tools/bin/../lib/gcc/arm-none-eabi/11.3.1/thumb/v7e-m+fp/hard\libgcc.a(_arm_unorddf2.o)
                0x0000000008000b3c                __unorddf2
                0x0000000008000b3c                __aeabi_dcmpun
 .text          0x0000000008000b68       0x50 C:/ST/STM32CubeIDE_1.13.2/STM32CubeIDE/plugins/com.st.stm32cube.ide.mcu.externaltools.gnu-tools-for-stm32.11.3.rel1.win32_1.1.1.202309131626/tools/bin/../lib/gcc/arm-none-eabi/11.3.1/thumb/v7e-m+fp/hard\libgcc.a(_arm_fixdfsi.o)
                0x0000000008000b68                __aeabi_d2iz
                0x0000000008000b68                __fixdfsi
 .text          0x0000000008000bb8       0x40 C:/ST/STM32CubeIDE_1.13.2/STM32CubeIDE/plugins/com.st.stm32cube.ide.mcu.externaltools.gnu-tools-for-stm32.11.3.rel1.win32_1.1.1.202309131626/tools/bin/../lib/gcc/arm-none-eabi/11.3.1/thumb/v7e-m+fp/hard\libgcc.a(_arm_fixunsdfsi.o)
                0x0000000008000bb8                __aeabi_d2uiz
                0x0000000008000bb8                __fixunsdfsi
 .text          0x0000000008000bf8       0x30 C:/ST/STM32CubeIDE_1.13.2/STM32CubeIDE/plugins/com.st.stm32cube.ide.mcu.externaltools.gnu-tools-for-stm32.11.3.rel1.win32_1.1.1.202309131626/tools/bin/../lib/gcc/arm-none-eabi/11.3.1/thumb/v7e-m+fp/hard\libgcc.a(_aeabi_uldivmod.o)
                0x0000000008000bf8                __aeabi_uldivmod
 .text          0x0000000008000c28      0x2c8 C:/ST/STM32CubeIDE_1.13.2/STM32CubeIDE/plugins/com.st.stm32cube.ide.mcu.externaltools.gnu-tools-for-stm32.11.3.rel1.win32_1.1.1.202309131626/tools/bin/../lib/gcc/arm-none-eabi/11.3.1/thumb/v7e-m+fp/hard\libgcc.a(_udivmoddi4.o)
                0x0000000008000c28                __udivmoddi4
 .text          0x0000000008000ef0        0x4 C:/ST/STM32CubeIDE_1.13.2/STM32CubeIDE/plugins/com.st.stm32cube.ide.mcu.externaltools.gnu-tools-for-stm32.11.3.rel1.win32_1.1.1.202309131626/tools/bin/../lib/gcc/arm-none-eabi/11.3.1/thumb/v7e-m+fp/hard\libgcc.a(_dvmd_tls.o)
                0x0000000008000ef0                __aeabi_idiv0
                0x0000000008000ef0                __aeabi_ldiv0
 *(.text*)
 .text.Ultrasound
                0x0000000008000ef4       0x30 ./Core/Src/FreeRTOS_Tasks.o
                0x0000000008000ef4                Ultrasound
 .text.Check_Danger
                0x0000000008000f24       0xe0 ./Core/Src/FreeRTOS_Tasks.o
                0x0000000008000f24                Check_Danger
 .text.Psx      0x0000000008001004      0x2e4 ./Core/Src/FreeRTOS_Tasks.o
                0x0000000008001004                Psx
 .text.Comunication
                0x00000000080012e8       0x40 ./Core/Src/FreeRTOS_Tasks.o
                0x00000000080012e8                Comunication
 .text.Execution
                0x0000000008001328      0x3f0 ./Core/Src/FreeRTOS_Tasks.o
                0x0000000008001328                Execution
 .text.FreeRTOS_Tasks_Init
                0x0000000008001718       0x80 ./Core/Src/FreeRTOS_Tasks.o
                0x0000000008001718                FreeRTOS_Tasks_Init
 .text.MX_ADC1_Init
                0x0000000008001798       0xa4 ./Core/Src/adc.o
                0x0000000008001798                MX_ADC1_Init
 .text.HAL_ADC_MspInit
                0x000000000800183c       0x88 ./Core/Src/adc.o
                0x000000000800183c                HAL_ADC_MspInit
 .text.MX_FREERTOS_Init
                0x00000000080018c4       0x20 ./Core/Src/freertos.o
                0x00000000080018c4                MX_FREERTOS_Init
 .text.MX_GPIO_Init
                0x00000000080018e4       0xec ./Core/Src/gpio.o
                0x00000000080018e4                MX_GPIO_Init
 .text.MX_I2C1_Init
                0x00000000080019d0       0x5c ./Core/Src/i2c.o
                0x00000000080019d0                MX_I2C1_Init
 .text.MX_I2C3_Init
                0x0000000008001a2c       0x5c ./Core/Src/i2c.o
                0x0000000008001a2c                MX_I2C3_Init
 .text.HAL_I2C_MspInit
                0x0000000008001a88      0x140 ./Core/Src/i2c.o
                0x0000000008001a88                HAL_I2C_MspInit
 .text.__io_putchar
                0x0000000008001bc8       0x24 ./Core/Src/main.o
                0x0000000008001bc8                __io_putchar
 .text.main     0x0000000008001bec      0x100 ./Core/Src/main.o
                0x0000000008001bec                main
 .text.SystemClock_Config
                0x0000000008001cec       0xd8 ./Core/Src/main.o
                0x0000000008001cec                SystemClock_Config
 .text.HAL_TIM_IC_CaptureCallback
                0x0000000008001dc4       0x64 ./Core/Src/main.o
                0x0000000008001dc4                HAL_TIM_IC_CaptureCallback
 .text.HAL_TIM_PeriodElapsedCallback
                0x0000000008001e28       0x24 ./Core/Src/main.o
                0x0000000008001e28                HAL_TIM_PeriodElapsedCallback
 .text.Error_Handler
                0x0000000008001e4c        0xa ./Core/Src/main.o
                0x0000000008001e4c                Error_Handler
 .text.Global_Struct_Master_Init
                0x0000000008001e56       0xba ./Core/Src/panda_comunication.o
                0x0000000008001e56                Global_Struct_Master_Init
 .text.Global_Struct_Init
                0x0000000008001f10       0xe2 ./Core/Src/panda_comunication.o
                0x0000000008001f10                Global_Struct_Init
 *fill*         0x0000000008001ff2        0x2 
 .text.panda_comunication_init_sync
                0x0000000008001ff4       0xe4 ./Core/Src/panda_comunication.o
                0x0000000008001ff4                panda_comunication_init_sync
 .text.panda_exchange_struct
                0x00000000080020d8       0xf0 ./Core/Src/panda_comunication.o
                0x00000000080020d8                panda_exchange_struct
 .text.panda_comunication_init_checksum
                0x00000000080021c8       0x44 ./Core/Src/panda_comunication.o
                0x00000000080021c8                panda_comunication_init_checksum
 .text.panda_comunication_validate_checksum
                0x000000000800220c       0x4e ./Core/Src/panda_comunication.o
                0x000000000800220c                panda_comunication_validate_checksum
 .text.panda_HCSR04_init
                0x000000000800225a       0x56 ./Core/Src/panda_hcsr04_driver.o
                0x000000000800225a                panda_HCSR04_init
 .text.panda_HCSR04_callback_evaluations
                0x00000000080022b0      0x270 ./Core/Src/panda_hcsr04_driver.o
                0x00000000080022b0                panda_HCSR04_callback_evaluations
 .text.panda_HCSR04_reset
                0x0000000008002520       0xaa ./Core/Src/panda_hcsr04_driver.o
                0x0000000008002520                panda_HCSR04_reset
 .text.panda_HCSR04_get_distance
                0x00000000080025ca       0x30 ./Core/Src/panda_hcsr04_driver.o
                0x00000000080025ca                panda_HCSR04_get_distance
 .text.motor_send_command
                0x00000000080025fa       0x54 ./Core/Src/panda_motor_driver.o
                0x00000000080025fa                motor_send_command
 .text.motor_mixed_drive_forward
                0x000000000800264e       0x24 ./Core/Src/panda_motor_driver.o
                0x000000000800264e                motor_mixed_drive_forward
 .text.motor_mixed_turn_right
                0x0000000008002672       0x24 ./Core/Src/panda_motor_driver.o
                0x0000000008002672                motor_mixed_turn_right
 .text.motor_mixed_stop
                0x0000000008002696       0x2c ./Core/Src/panda_motor_driver.o
                0x0000000008002696                motor_mixed_stop
 *fill*         0x00000000080026c2        0x2 
 .text.motor_mixed_drive
                0x00000000080026c4       0x64 ./Core/Src/panda_motor_driver.o
                0x00000000080026c4                motor_mixed_drive
 .text.motor_mixed_turn
                0x0000000008002728       0x64 ./Core/Src/panda_motor_driver.o
                0x0000000008002728                motor_mixed_turn
 .text.panda_mpu6050_init
                0x000000000800278c      0x14c ./Core/Src/panda_mpu6050.o
                0x000000000800278c                panda_mpu6050_init
 .text.panda_psx_init
                0x00000000080028d8       0x3a ./Core/Src/panda_psx_controller.o
                0x00000000080028d8                panda_psx_init
 .text.panda_psx_read_gamepad
                0x0000000008002912       0x6c ./Core/Src/panda_psx_controller.o
                0x0000000008002912                panda_psx_read_gamepad
 .text.panda_psx_get_command
                0x000000000800297e       0x4e ./Core/Src/panda_psx_controller.o
                0x000000000800297e                panda_psx_get_command
 .text.panda_psx_get_analog_intensity
                0x00000000080029cc       0x58 ./Core/Src/panda_psx_controller.o
                0x00000000080029cc                panda_psx_get_analog_intensity
 .text.panda_psx_is_on
                0x0000000008002a24       0x24 ./Core/Src/panda_psx_controller.o
                0x0000000008002a24                panda_psx_is_on
 .text.panda_psx_is_analog
                0x0000000008002a48       0x2c ./Core/Src/panda_psx_controller.o
                0x0000000008002a48                panda_psx_is_analog
 .text.prvInitTCBArray
                0x0000000008002a74       0x3c ./Core/Src/scheduler.o
 .text.prvFindEmptyElementIndexTCB
                0x0000000008002ab0       0x44 ./Core/Src/scheduler.o
 .text.prvPeriodicTaskCode
                0x0000000008002af4       0x98 ./Core/Src/scheduler.o
 .text.vSchedulerPeriodicTaskCreate
                0x0000000008002b8c      0x100 ./Core/Src/scheduler.o
                0x0000000008002b8c                vSchedulerPeriodicTaskCreate
 .text.prvCreateAllTasks
                0x0000000008002c8c       0xa8 ./Core/Src/scheduler.o
 .text.prvSetFixedPriorities
                0x0000000008002d34       0xe0 ./Core/Src/scheduler.o
 .text.prvPeriodicTaskRecreate
                0x0000000008002e14       0x64 ./Core/Src/scheduler.o
 .text.prvDeadlineMissedHook
                0x0000000008002e78       0x60 ./Core/Src/scheduler.o
 .text.prvCheckDeadline
                0x0000000008002ed8       0x4a ./Core/Src/scheduler.o
 .text.prvSchedulerCheckTimingError
                0x0000000008002f22       0x88 ./Core/Src/scheduler.o
 *fill*         0x0000000008002faa        0x2 
 .text.prvSchedulerFunction
                0x0000000008002fac       0x44 ./Core/Src/scheduler.o
 .text.prvCreateSchedulerTask
                0x0000000008002ff0       0x30 ./Core/Src/scheduler.o
 .text.prvGetNextAperiodicJob
                0x0000000008003020       0x58 ./Core/Src/scheduler.o
 .text.prvFindEmptyElementIndexAJCB
                0x0000000008003078       0x48 ./Core/Src/scheduler.o
 .text.vSchedulerAperiodicJobCreate
                0x00000000080030c0       0x90 ./Core/Src/scheduler.o
                0x00000000080030c0                vSchedulerAperiodicJobCreate
 .text.prvPollingServerFunction
                0x0000000008003150       0x40 ./Core/Src/scheduler.o
 .text.prvPollingServerCreate
                0x0000000008003190       0xe4 ./Core/Src/scheduler.o
                0x0000000008003190                prvPollingServerCreate
 .text.vSchedulerInit
                0x0000000008003274        0xc ./Core/Src/scheduler.o
                0x0000000008003274                vSchedulerInit
 .text.vSchedulerStart
                0x0000000008003280       0x2c ./Core/Src/scheduler.o
                0x0000000008003280                vSchedulerStart
 .text.MX_SPI1_Init
                0x00000000080032ac       0x6c ./Core/Src/spi.o
                0x00000000080032ac                MX_SPI1_Init
 .text.HAL_SPI_MspInit
                0x0000000008003318       0x90 ./Core/Src/spi.o
                0x0000000008003318                HAL_SPI_MspInit
 .text.HAL_MspInit
                0x00000000080033a8       0x58 ./Core/Src/stm32f4xx_hal_msp.o
                0x00000000080033a8                HAL_MspInit
 .text.HAL_InitTick
                0x0000000008003400       0xe8 ./Core/Src/stm32f4xx_hal_timebase_tim.o
                0x0000000008003400                HAL_InitTick
 .text.NMI_Handler
                0x00000000080034e8        0x6 ./Core/Src/stm32f4xx_it.o
                0x00000000080034e8                NMI_Handler
 .text.HardFault_Handler
                0x00000000080034ee        0x6 ./Core/Src/stm32f4xx_it.o
                0x00000000080034ee                HardFault_Handler
 .text.MemManage_Handler
                0x00000000080034f4        0x6 ./Core/Src/stm32f4xx_it.o
                0x00000000080034f4                MemManage_Handler
 .text.BusFault_Handler
                0x00000000080034fa        0x6 ./Core/Src/stm32f4xx_it.o
                0x00000000080034fa                BusFault_Handler
 .text.UsageFault_Handler
                0x0000000008003500        0x6 ./Core/Src/stm32f4xx_it.o
                0x0000000008003500                UsageFault_Handler
 .text.DebugMon_Handler
                0x0000000008003506        0xe ./Core/Src/stm32f4xx_it.o
                0x0000000008003506                DebugMon_Handler
 .text.TIM1_TRG_COM_TIM11_IRQHandler
                0x0000000008003514       0x1c ./Core/Src/stm32f4xx_it.o
                0x0000000008003514                TIM1_TRG_COM_TIM11_IRQHandler
 .text.TIM2_IRQHandler
                0x0000000008003530       0x14 ./Core/Src/stm32f4xx_it.o
                0x0000000008003530                TIM2_IRQHandler
 .text.TIM5_IRQHandler
                0x0000000008003544       0x14 ./Core/Src/stm32f4xx_it.o
                0x0000000008003544                TIM5_IRQHandler
 .text._getpid  0x0000000008003558       0x10 ./Core/Src/syscalls.o
                0x0000000008003558                _getpid
 .text._kill    0x0000000008003568       0x20 ./Core/Src/syscalls.o
                0x0000000008003568                _kill
 .text._exit    0x0000000008003588       0x14 ./Core/Src/syscalls.o
                0x0000000008003588                _exit
 .text._read    0x000000000800359c       0x3a ./Core/Src/syscalls.o
                0x000000000800359c                _read
 .text._write   0x00000000080035d6       0x38 ./Core/Src/syscalls.o
                0x00000000080035d6                _write
 .text._close   0x000000000800360e       0x18 ./Core/Src/syscalls.o
                0x000000000800360e                _close
 .text._fstat   0x0000000008003626       0x20 ./Core/Src/syscalls.o
                0x0000000008003626                _fstat
 .text._isatty  0x0000000008003646       0x16 ./Core/Src/syscalls.o
                0x0000000008003646                _isatty
 .text._lseek   0x000000000800365c       0x1a ./Core/Src/syscalls.o
                0x000000000800365c                _lseek
 *fill*         0x0000000008003676        0x2 
 .text._sbrk    0x0000000008003678       0x6c ./Core/Src/sysmem.o
                0x0000000008003678                _sbrk
 .text.SystemInit
                0x00000000080036e4       0x24 ./Core/Src/system_stm32f4xx.o
                0x00000000080036e4                SystemInit
 .text.MX_TIM1_Init
                0x0000000008003708       0xac ./Core/Src/tim.o
                0x0000000008003708                MX_TIM1_Init
 .text.MX_TIM2_Init
                0x00000000080037b4       0xa4 ./Core/Src/tim.o
                0x00000000080037b4                MX_TIM2_Init
 .text.MX_TIM5_Init
                0x0000000008003858       0xa8 ./Core/Src/tim.o
                0x0000000008003858                MX_TIM5_Init
 .text.HAL_TIM_IC_MspInit
                0x0000000008003900      0x190 ./Core/Src/tim.o
                0x0000000008003900                HAL_TIM_IC_MspInit
 .text.MX_USART1_UART_Init
                0x0000000008003a90       0x54 ./Core/Src/usart.o
                0x0000000008003a90                MX_USART1_UART_Init
 .text.MX_USART2_UART_Init
                0x0000000008003ae4       0x54 ./Core/Src/usart.o
                0x0000000008003ae4                MX_USART2_UART_Init
 .text.HAL_UART_MspInit
                0x0000000008003b38       0xfc ./Core/Src/usart.o
                0x0000000008003b38                HAL_UART_MspInit
 .text.Reset_Handler
                0x0000000008003c34       0x50 ./Core/Startup/startup_stm32f401retx.o
                0x0000000008003c34                Reset_Handler
 .text.Default_Handler
                0x0000000008003c84        0x2 ./Core/Startup/startup_stm32f401retx.o
                0x0000000008003c84                RTC_Alarm_IRQHandler
                0x0000000008003c84                EXTI2_IRQHandler
                0x0000000008003c84                SPI4_IRQHandler
                0x0000000008003c84                TIM1_CC_IRQHandler
                0x0000000008003c84                DMA2_Stream5_IRQHandler
                0x0000000008003c84                DMA1_Stream5_IRQHandler
                0x0000000008003c84                PVD_IRQHandler
                0x0000000008003c84                SDIO_IRQHandler
                0x0000000008003c84                TAMP_STAMP_IRQHandler
                0x0000000008003c84                EXTI3_IRQHandler
                0x0000000008003c84                TIM1_UP_TIM10_IRQHandler
                0x0000000008003c84                I2C3_ER_IRQHandler
                0x0000000008003c84                EXTI0_IRQHandler
                0x0000000008003c84                I2C2_EV_IRQHandler
                0x0000000008003c84                DMA1_Stream2_IRQHandler
                0x0000000008003c84                FPU_IRQHandler
                0x0000000008003c84                DMA2_Stream2_IRQHandler
                0x0000000008003c84                SPI1_IRQHandler
                0x0000000008003c84                TIM1_BRK_TIM9_IRQHandler
                0x0000000008003c84                DMA2_Stream3_IRQHandler
                0x0000000008003c84                USART6_IRQHandler
                0x0000000008003c84                DMA2_Stream0_IRQHandler
                0x0000000008003c84                TIM4_IRQHandler
                0x0000000008003c84                I2C1_EV_IRQHandler
                0x0000000008003c84                DMA1_Stream6_IRQHandler
                0x0000000008003c84                DMA1_Stream1_IRQHandler
                0x0000000008003c84                TIM3_IRQHandler
                0x0000000008003c84                RCC_IRQHandler
                0x0000000008003c84                Default_Handler
                0x0000000008003c84                EXTI15_10_IRQHandler
                0x0000000008003c84                ADC_IRQHandler
                0x0000000008003c84                DMA1_Stream7_IRQHandler
                0x0000000008003c84                DMA2_Stream7_IRQHandler
                0x0000000008003c84                I2C3_EV_IRQHandler
                0x0000000008003c84                EXTI9_5_IRQHandler
                0x0000000008003c84                RTC_WKUP_IRQHandler
                0x0000000008003c84                SPI2_IRQHandler
                0x0000000008003c84                DMA1_Stream0_IRQHandler
                0x0000000008003c84                EXTI4_IRQHandler
                0x0000000008003c84                WWDG_IRQHandler
                0x0000000008003c84                OTG_FS_WKUP_IRQHandler
                0x0000000008003c84                EXTI1_IRQHandler
                0x0000000008003c84                USART2_IRQHandler
                0x0000000008003c84                I2C2_ER_IRQHandler
                0x0000000008003c84                DMA2_Stream1_IRQHandler
                0x0000000008003c84                FLASH_IRQHandler
                0x0000000008003c84                DMA2_Stream4_IRQHandler
                0x0000000008003c84                USART1_IRQHandler
                0x0000000008003c84                OTG_FS_IRQHandler
                0x0000000008003c84                SPI3_IRQHandler
                0x0000000008003c84                DMA1_Stream4_IRQHandler
                0x0000000008003c84                I2C1_ER_IRQHandler
                0x0000000008003c84                DMA2_Stream6_IRQHandler
                0x0000000008003c84                DMA1_Stream3_IRQHandler
 *fill*         0x0000000008003c86        0x2 
 .text.HAL_Init
                0x0000000008003c88       0x44 ./Drivers/STM32F4xx_HAL_Driver/Src/stm32f4xx_hal.o
                0x0000000008003c88                HAL_Init
 .text.HAL_IncTick
                0x0000000008003ccc       0x28 ./Drivers/STM32F4xx_HAL_Driver/Src/stm32f4xx_hal.o
                0x0000000008003ccc                HAL_IncTick
 .text.HAL_GetTick
                0x0000000008003cf4       0x18 ./Drivers/STM32F4xx_HAL_Driver/Src/stm32f4xx_hal.o
                0x0000000008003cf4                HAL_GetTick
 .text.HAL_ADC_Init
                0x0000000008003d0c       0x86 ./Drivers/STM32F4xx_HAL_Driver/Src/stm32f4xx_hal_adc.o
                0x0000000008003d0c                HAL_ADC_Init
 *fill*         0x0000000008003d92        0x2 
 .text.HAL_ADC_ConfigChannel
                0x0000000008003d94      0x244 ./Drivers/STM32F4xx_HAL_Driver/Src/stm32f4xx_hal_adc.o
                0x0000000008003d94                HAL_ADC_ConfigChannel
 .text.ADC_Init
                0x0000000008003fd8      0x1f8 ./Drivers/STM32F4xx_HAL_Driver/Src/stm32f4xx_hal_adc.o
 .text.__NVIC_SetPriorityGrouping
                0x00000000080041d0       0x48 ./Drivers/STM32F4xx_HAL_Driver/Src/stm32f4xx_hal_cortex.o
 .text.__NVIC_GetPriorityGrouping
                0x0000000008004218       0x1c ./Drivers/STM32F4xx_HAL_Driver/Src/stm32f4xx_hal_cortex.o
 .text.__NVIC_EnableIRQ
                0x0000000008004234       0x3c ./Drivers/STM32F4xx_HAL_Driver/Src/stm32f4xx_hal_cortex.o
 .text.__NVIC_SetPriority
                0x0000000008004270       0x54 ./Drivers/STM32F4xx_HAL_Driver/Src/stm32f4xx_hal_cortex.o
 .text.NVIC_EncodePriority
                0x00000000080042c4       0x66 ./Drivers/STM32F4xx_HAL_Driver/Src/stm32f4xx_hal_cortex.o
 .text.HAL_NVIC_SetPriorityGrouping
                0x000000000800432a       0x16 ./Drivers/STM32F4xx_HAL_Driver/Src/stm32f4xx_hal_cortex.o
                0x000000000800432a                HAL_NVIC_SetPriorityGrouping
 .text.HAL_NVIC_SetPriority
                0x0000000008004340       0x38 ./Drivers/STM32F4xx_HAL_Driver/Src/stm32f4xx_hal_cortex.o
                0x0000000008004340                HAL_NVIC_SetPriority
 .text.HAL_NVIC_EnableIRQ
                0x0000000008004378       0x1c ./Drivers/STM32F4xx_HAL_Driver/Src/stm32f4xx_hal_cortex.o
                0x0000000008004378                HAL_NVIC_EnableIRQ
 .text.HAL_GPIO_Init
                0x0000000008004394      0x308 ./Drivers/STM32F4xx_HAL_Driver/Src/stm32f4xx_hal_gpio.o
                0x0000000008004394                HAL_GPIO_Init
 .text.HAL_GPIO_ReadPin
                0x000000000800469c       0x30 ./Drivers/STM32F4xx_HAL_Driver/Src/stm32f4xx_hal_gpio.o
                0x000000000800469c                HAL_GPIO_ReadPin
 .text.HAL_GPIO_WritePin
                0x00000000080046cc       0x32 ./Drivers/STM32F4xx_HAL_Driver/Src/stm32f4xx_hal_gpio.o
                0x00000000080046cc                HAL_GPIO_WritePin
 .text.HAL_GPIO_TogglePin
                0x00000000080046fe       0x34 ./Drivers/STM32F4xx_HAL_Driver/Src/stm32f4xx_hal_gpio.o
                0x00000000080046fe                HAL_GPIO_TogglePin
 *fill*         0x0000000008004732        0x2 
 .text.HAL_I2C_Init
                0x0000000008004734      0x288 ./Drivers/STM32F4xx_HAL_Driver/Src/stm32f4xx_hal_i2c.o
                0x0000000008004734                HAL_I2C_Init
 .text.HAL_I2C_Master_Transmit
                0x00000000080049bc      0x1fc ./Drivers/STM32F4xx_HAL_Driver/Src/stm32f4xx_hal_i2c.o
                0x00000000080049bc                HAL_I2C_Master_Transmit
 .text.HAL_I2C_Slave_Receive
                0x0000000008004bb8      0x214 ./Drivers/STM32F4xx_HAL_Driver/Src/stm32f4xx_hal_i2c.o
                0x0000000008004bb8                HAL_I2C_Slave_Receive
 .text.HAL_I2C_Mem_Write
                0x0000000008004dcc      0x1f4 ./Drivers/STM32F4xx_HAL_Driver/Src/stm32f4xx_hal_i2c.o
                0x0000000008004dcc                HAL_I2C_Mem_Write
 .text.HAL_I2C_Mem_Read
                0x0000000008004fc0      0x44c ./Drivers/STM32F4xx_HAL_Driver/Src/stm32f4xx_hal_i2c.o
                0x0000000008004fc0                HAL_I2C_Mem_Read
 .text.I2C_MasterRequestWrite
                0x000000000800540c      0x104 ./Drivers/STM32F4xx_HAL_Driver/Src/stm32f4xx_hal_i2c.o
 .text.I2C_RequestMemoryWrite
                0x0000000008005510      0x12c ./Drivers/STM32F4xx_HAL_Driver/Src/stm32f4xx_hal_i2c.o
 .text.I2C_RequestMemoryRead
                0x000000000800563c      0x1d0 ./Drivers/STM32F4xx_HAL_Driver/Src/stm32f4xx_hal_i2c.o
 .text.I2C_WaitOnFlagUntilTimeout
                0x000000000800580c       0xae ./Drivers/STM32F4xx_HAL_Driver/Src/stm32f4xx_hal_i2c.o
 .text.I2C_WaitOnMasterAddressFlagUntilTimeout
                0x00000000080058ba       0xfe ./Drivers/STM32F4xx_HAL_Driver/Src/stm32f4xx_hal_i2c.o
 .text.I2C_WaitOnTXEFlagUntilTimeout
                0x00000000080059b8       0x82 ./Drivers/STM32F4xx_HAL_Driver/Src/stm32f4xx_hal_i2c.o
 .text.I2C_WaitOnBTFFlagUntilTimeout
                0x0000000008005a3a       0x82 ./Drivers/STM32F4xx_HAL_Driver/Src/stm32f4xx_hal_i2c.o
 .text.I2C_WaitOnSTOPFlagUntilTimeout
                0x0000000008005abc       0x7a ./Drivers/STM32F4xx_HAL_Driver/Src/stm32f4xx_hal_i2c.o
 .text.I2C_WaitOnRXNEFlagUntilTimeout
                0x0000000008005b36       0xac ./Drivers/STM32F4xx_HAL_Driver/Src/stm32f4xx_hal_i2c.o
 .text.I2C_IsAcknowledgeFailed
                0x0000000008005be2       0x5e ./Drivers/STM32F4xx_HAL_Driver/Src/stm32f4xx_hal_i2c.o
 .text.HAL_RCC_OscConfig
                0x0000000008005c40      0x4f0 ./Drivers/STM32F4xx_HAL_Driver/Src/stm32f4xx_hal_rcc.o
                0x0000000008005c40                HAL_RCC_OscConfig
 .text.HAL_RCC_ClockConfig
                0x0000000008006130      0x1cc ./Drivers/STM32F4xx_HAL_Driver/Src/stm32f4xx_hal_rcc.o
                0x0000000008006130                HAL_RCC_ClockConfig
 .text.HAL_RCC_GetSysClockFreq
                0x00000000080062fc      0x18c ./Drivers/STM32F4xx_HAL_Driver/Src/stm32f4xx_hal_rcc.o
                0x00000000080062fc                HAL_RCC_GetSysClockFreq
 .text.HAL_RCC_GetHCLKFreq
                0x0000000008006488       0x18 ./Drivers/STM32F4xx_HAL_Driver/Src/stm32f4xx_hal_rcc.o
                0x0000000008006488                HAL_RCC_GetHCLKFreq
 .text.HAL_RCC_GetPCLK1Freq
                0x00000000080064a0       0x28 ./Drivers/STM32F4xx_HAL_Driver/Src/stm32f4xx_hal_rcc.o
                0x00000000080064a0                HAL_RCC_GetPCLK1Freq
 .text.HAL_RCC_GetPCLK2Freq
                0x00000000080064c8       0x28 ./Drivers/STM32F4xx_HAL_Driver/Src/stm32f4xx_hal_rcc.o
                0x00000000080064c8                HAL_RCC_GetPCLK2Freq
 .text.HAL_RCC_GetClockConfig
                0x00000000080064f0       0x64 ./Drivers/STM32F4xx_HAL_Driver/Src/stm32f4xx_hal_rcc.o
                0x00000000080064f0                HAL_RCC_GetClockConfig
 .text.HAL_SPI_Init
                0x0000000008006554      0x112 ./Drivers/STM32F4xx_HAL_Driver/Src/stm32f4xx_hal_spi.o
                0x0000000008006554                HAL_SPI_Init
 .text.HAL_SPI_TransmitReceive
                0x0000000008006666      0x344 ./Drivers/STM32F4xx_HAL_Driver/Src/stm32f4xx_hal_spi.o
                0x0000000008006666                HAL_SPI_TransmitReceive
 *fill*         0x00000000080069aa        0x2 
 .text.SPI_WaitFlagStateUntilTimeout
                0x00000000080069ac      0x110 ./Drivers/STM32F4xx_HAL_Driver/Src/stm32f4xx_hal_spi.o
 .text.SPI_EndRxTxTransaction
                0x0000000008006abc       0x84 ./Drivers/STM32F4xx_HAL_Driver/Src/stm32f4xx_hal_spi.o
 .text.HAL_TIM_Base_Init
                0x0000000008006b40       0x9e ./Drivers/STM32F4xx_HAL_Driver/Src/stm32f4xx_hal_tim.o
                0x0000000008006b40                HAL_TIM_Base_Init
 .text.HAL_TIM_Base_MspInit
                0x0000000008006bde       0x14 ./Drivers/STM32F4xx_HAL_Driver/Src/stm32f4xx_hal_tim.o
                0x0000000008006bde                HAL_TIM_Base_MspInit
 *fill*         0x0000000008006bf2        0x2 
 .text.HAL_TIM_Base_Start_IT
                0x0000000008006bf4       0xc4 ./Drivers/STM32F4xx_HAL_Driver/Src/stm32f4xx_hal_tim.o
                0x0000000008006bf4                HAL_TIM_Base_Start_IT
 .text.HAL_TIM_IC_Init
                0x0000000008006cb8       0x9e ./Drivers/STM32F4xx_HAL_Driver/Src/stm32f4xx_hal_tim.o
                0x0000000008006cb8                HAL_TIM_IC_Init
 *fill*         0x0000000008006d56        0x2 
 .text.HAL_TIM_IC_Start_IT
                0x0000000008006d58      0x234 ./Drivers/STM32F4xx_HAL_Driver/Src/stm32f4xx_hal_tim.o
                0x0000000008006d58                HAL_TIM_IC_Start_IT
 .text.HAL_TIM_IRQHandler
                0x0000000008006f8c      0x210 ./Drivers/STM32F4xx_HAL_Driver/Src/stm32f4xx_hal_tim.o
                0x0000000008006f8c                HAL_TIM_IRQHandler
 .text.HAL_TIM_IC_ConfigChannel
                0x000000000800719c      0x138 ./Drivers/STM32F4xx_HAL_Driver/Src/stm32f4xx_hal_tim.o
                0x000000000800719c                HAL_TIM_IC_ConfigChannel
 .text.HAL_TIM_ReadCapturedValue
                0x00000000080072d4       0x88 ./Drivers/STM32F4xx_HAL_Driver/Src/stm32f4xx_hal_tim.o
                0x00000000080072d4                HAL_TIM_ReadCapturedValue
 .text.HAL_TIM_OC_DelayElapsedCallback
                0x000000000800735c       0x14 ./Drivers/STM32F4xx_HAL_Driver/Src/stm32f4xx_hal_tim.o
                0x000000000800735c                HAL_TIM_OC_DelayElapsedCallback
 .text.HAL_TIM_PWM_PulseFinishedCallback
                0x0000000008007370       0x14 ./Drivers/STM32F4xx_HAL_Driver/Src/stm32f4xx_hal_tim.o
                0x0000000008007370                HAL_TIM_PWM_PulseFinishedCallback
 .text.HAL_TIM_TriggerCallback
                0x0000000008007384       0x14 ./Drivers/STM32F4xx_HAL_Driver/Src/stm32f4xx_hal_tim.o
                0x0000000008007384                HAL_TIM_TriggerCallback
 .text.TIM_Base_SetConfig
                0x0000000008007398      0x100 ./Drivers/STM32F4xx_HAL_Driver/Src/stm32f4xx_hal_tim.o
                0x0000000008007398                TIM_Base_SetConfig
 .text.TIM_TI1_SetConfig
                0x0000000008007498       0xd0 ./Drivers/STM32F4xx_HAL_Driver/Src/stm32f4xx_hal_tim.o
                0x0000000008007498                TIM_TI1_SetConfig
 .text.TIM_TI2_SetConfig
                0x0000000008007568       0x7a ./Drivers/STM32F4xx_HAL_Driver/Src/stm32f4xx_hal_tim.o
 .text.TIM_TI3_SetConfig
                0x00000000080075e2       0x78 ./Drivers/STM32F4xx_HAL_Driver/Src/stm32f4xx_hal_tim.o
 .text.TIM_TI4_SetConfig
                0x000000000800765a       0x7a ./Drivers/STM32F4xx_HAL_Driver/Src/stm32f4xx_hal_tim.o
 .text.TIM_CCxChannelCmd
                0x00000000080076d4       0x4a ./Drivers/STM32F4xx_HAL_Driver/Src/stm32f4xx_hal_tim.o
                0x00000000080076d4                TIM_CCxChannelCmd
 *fill*         0x000000000800771e        0x2 
 .text.HAL_TIMEx_MasterConfigSynchronization
                0x0000000008007720       0xdc ./Drivers/STM32F4xx_HAL_Driver/Src/stm32f4xx_hal_tim_ex.o
                0x0000000008007720                HAL_TIMEx_MasterConfigSynchronization
 .text.HAL_TIMEx_CommutCallback
                0x00000000080077fc       0x14 ./Drivers/STM32F4xx_HAL_Driver/Src/stm32f4xx_hal_tim_ex.o
                0x00000000080077fc                HAL_TIMEx_CommutCallback
 .text.HAL_TIMEx_BreakCallback
                0x0000000008007810       0x14 ./Drivers/STM32F4xx_HAL_Driver/Src/stm32f4xx_hal_tim_ex.o
                0x0000000008007810                HAL_TIMEx_BreakCallback
 .text.HAL_UART_Init
                0x0000000008007824       0x9a ./Drivers/STM32F4xx_HAL_Driver/Src/stm32f4xx_hal_uart.o
                0x0000000008007824                HAL_UART_Init
 .text.HAL_HalfDuplex_Init
                0x00000000080078be       0xaa ./Drivers/STM32F4xx_HAL_Driver/Src/stm32f4xx_hal_uart.o
                0x00000000080078be                HAL_HalfDuplex_Init
 .text.HAL_UART_Transmit
                0x0000000008007968      0x124 ./Drivers/STM32F4xx_HAL_Driver/Src/stm32f4xx_hal_uart.o
                0x0000000008007968                HAL_UART_Transmit
 .text.UART_WaitOnFlagUntilTimeout
                0x0000000008007a8c       0xdc ./Drivers/STM32F4xx_HAL_Driver/Src/stm32f4xx_hal_uart.o
 .text.UART_SetConfig
                0x0000000008007b68      0x4e8 ./Drivers/STM32F4xx_HAL_Driver/Src/stm32f4xx_hal_uart.o
 .text.__NVIC_SetPriority
                0x0000000008008050       0x54 ./Middlewares/Third_Party/FreeRTOS/Source/CMSIS_RTOS_V2/cmsis_os2.o
 .text.SysTick_Handler
                0x00000000080080a4       0x20 ./Middlewares/Third_Party/FreeRTOS/Source/CMSIS_RTOS_V2/cmsis_os2.o
                0x00000000080080a4                SysTick_Handler
 .text.SVC_Setup
                0x00000000080080c4       0x12 ./Middlewares/Third_Party/FreeRTOS/Source/CMSIS_RTOS_V2/cmsis_os2.o
 *fill*         0x00000000080080d6        0x2 
 .text.osKernelInitialize
                0x00000000080080d8       0x48 ./Middlewares/Third_Party/FreeRTOS/Source/CMSIS_RTOS_V2/cmsis_os2.o
                0x00000000080080d8                osKernelInitialize
 .text.osKernelStart
                0x0000000008008120       0x4c ./Middlewares/Third_Party/FreeRTOS/Source/CMSIS_RTOS_V2/cmsis_os2.o
                0x0000000008008120                osKernelStart
 .text.osMutexNew
                0x000000000800816c      0x10c ./Middlewares/Third_Party/FreeRTOS/Source/CMSIS_RTOS_V2/cmsis_os2.o
                0x000000000800816c                osMutexNew
 .text.vApplicationGetIdleTaskMemory
                0x0000000008008278       0x34 ./Middlewares/Third_Party/FreeRTOS/Source/CMSIS_RTOS_V2/cmsis_os2.o
                0x0000000008008278                vApplicationGetIdleTaskMemory
 .text.vApplicationGetTimerTaskMemory
                0x00000000080082ac       0x34 ./Middlewares/Third_Party/FreeRTOS/Source/CMSIS_RTOS_V2/cmsis_os2.o
                0x00000000080082ac                vApplicationGetTimerTaskMemory
 .text.vListInitialise
                0x00000000080082e0       0x40 ./Middlewares/Third_Party/FreeRTOS/Source/list.o
                0x00000000080082e0                vListInitialise
 .text.vListInitialiseItem
                0x0000000008008320       0x1a ./Middlewares/Third_Party/FreeRTOS/Source/list.o
                0x0000000008008320                vListInitialiseItem
 .text.vListInsertEnd
                0x000000000800833a       0x48 ./Middlewares/Third_Party/FreeRTOS/Source/list.o
                0x000000000800833a                vListInsertEnd
 .text.vListInsert
                0x0000000008008382       0x72 ./Middlewares/Third_Party/FreeRTOS/Source/list.o
                0x0000000008008382                vListInsert
 .text.uxListRemove
                0x00000000080083f4       0x54 ./Middlewares/Third_Party/FreeRTOS/Source/list.o
                0x00000000080083f4                uxListRemove
 .text.xQueueGenericReset
                0x0000000008008448       0xd0 ./Middlewares/Third_Party/FreeRTOS/Source/queue.o
                0x0000000008008448                xQueueGenericReset
 .text.xQueueGenericCreateStatic
                0x0000000008008518       0xf0 ./Middlewares/Third_Party/FreeRTOS/Source/queue.o
                0x0000000008008518                xQueueGenericCreateStatic
 .text.xQueueGenericCreate
                0x0000000008008608       0x74 ./Middlewares/Third_Party/FreeRTOS/Source/queue.o
                0x0000000008008608                xQueueGenericCreate
 .text.prvInitialiseNewQueue
                0x000000000800867c       0x46 ./Middlewares/Third_Party/FreeRTOS/Source/queue.o
 .text.prvInitialiseMutex
                0x00000000080086c2       0x34 ./Middlewares/Third_Party/FreeRTOS/Source/queue.o
 .text.xQueueCreateMutex
                0x00000000080086f6       0x30 ./Middlewares/Third_Party/FreeRTOS/Source/queue.o
                0x00000000080086f6                xQueueCreateMutex
 .text.xQueueCreateMutexStatic
                0x0000000008008726       0x36 ./Middlewares/Third_Party/FreeRTOS/Source/queue.o
                0x0000000008008726                xQueueCreateMutexStatic
 .text.xQueueGenericSend
                0x000000000800875c      0x1fc ./Middlewares/Third_Party/FreeRTOS/Source/queue.o
                0x000000000800875c                xQueueGenericSend
 .text.xQueueGenericSendFromISR
                0x0000000008008958      0x136 ./Middlewares/Third_Party/FreeRTOS/Source/queue.o
                0x0000000008008958                xQueueGenericSendFromISR
 *fill*         0x0000000008008a8e        0x2 
 .text.xQueueReceive
                0x0000000008008a90      0x1c0 ./Middlewares/Third_Party/FreeRTOS/Source/queue.o
                0x0000000008008a90                xQueueReceive
 .text.prvCopyDataToQueue
                0x0000000008008c50       0xd4 ./Middlewares/Third_Party/FreeRTOS/Source/queue.o
 .text.prvCopyDataFromQueue
                0x0000000008008d24       0x4c ./Middlewares/Third_Party/FreeRTOS/Source/queue.o
 .text.prvUnlockQueue
                0x0000000008008d70       0xa4 ./Middlewares/Third_Party/FreeRTOS/Source/queue.o
 .text.prvIsQueueEmpty
                0x0000000008008e14       0x2c ./Middlewares/Third_Party/FreeRTOS/Source/queue.o
 .text.prvIsQueueFull
                0x0000000008008e40       0x30 ./Middlewares/Third_Party/FreeRTOS/Source/queue.o
 .text.vQueueAddToRegistry
                0x0000000008008e70       0x54 ./Middlewares/Third_Party/FreeRTOS/Source/queue.o
                0x0000000008008e70                vQueueAddToRegistry
 .text.vQueueWaitForMessageRestricted
                0x0000000008008ec4       0x68 ./Middlewares/Third_Party/FreeRTOS/Source/queue.o
                0x0000000008008ec4                vQueueWaitForMessageRestricted
 .text.xTaskCreateStatic
                0x0000000008008f2c       0xba ./Middlewares/Third_Party/FreeRTOS/Source/tasks.o
                0x0000000008008f2c                xTaskCreateStatic
 .text.xTaskCreate
                0x0000000008008fe6       0x8a ./Middlewares/Third_Party/FreeRTOS/Source/tasks.o
                0x0000000008008fe6                xTaskCreate
 .text.prvInitialiseNewTask
                0x0000000008009070      0x16c ./Middlewares/Third_Party/FreeRTOS/Source/tasks.o
 .text.prvAddNewTaskToReadyList
                0x00000000080091dc       0xe0 ./Middlewares/Third_Party/FreeRTOS/Source/tasks.o
 .text.vTaskDelete
                0x00000000080092bc       0xe4 ./Middlewares/Third_Party/FreeRTOS/Source/tasks.o
                0x00000000080092bc                vTaskDelete
 .text.vTaskDelayUntil
                0x00000000080093a0       0xfc ./Middlewares/Third_Party/FreeRTOS/Source/tasks.o
                0x00000000080093a0                vTaskDelayUntil
 .text.vTaskSuspend
                0x000000000800949c       0xec ./Middlewares/Third_Party/FreeRTOS/Source/tasks.o
                0x000000000800949c                vTaskSuspend
 .text.prvTaskIsTaskSuspended
                0x0000000008009588       0x64 ./Middlewares/Third_Party/FreeRTOS/Source/tasks.o
 .text.vTaskResume
                0x00000000080095ec       0xbc ./Middlewares/Third_Party/FreeRTOS/Source/tasks.o
                0x00000000080095ec                vTaskResume
 .text.vTaskStartScheduler
                0x00000000080096a8       0xe0 ./Middlewares/Third_Party/FreeRTOS/Source/tasks.o
                0x00000000080096a8                vTaskStartScheduler
 .text.vTaskSuspendAll
                0x0000000008009788       0x1c ./Middlewares/Third_Party/FreeRTOS/Source/tasks.o
                0x0000000008009788                vTaskSuspendAll
 .text.xTaskResumeAll
                0x00000000080097a4      0x13c ./Middlewares/Third_Party/FreeRTOS/Source/tasks.o
                0x00000000080097a4                xTaskResumeAll
 .text.xTaskGetTickCount
                0x00000000080098e0       0x20 ./Middlewares/Third_Party/FreeRTOS/Source/tasks.o
                0x00000000080098e0                xTaskGetTickCount
 .text.xTaskIncrementTick
                0x0000000008009900      0x174 ./Middlewares/Third_Party/FreeRTOS/Source/tasks.o
                0x0000000008009900                xTaskIncrementTick
 .text.vTaskSwitchContext
                0x0000000008009a74       0xc8 ./Middlewares/Third_Party/FreeRTOS/Source/tasks.o
                0x0000000008009a74                vTaskSwitchContext
 .text.vTaskPlaceOnEventList
                0x0000000008009b3c       0x48 ./Middlewares/Third_Party/FreeRTOS/Source/tasks.o
                0x0000000008009b3c                vTaskPlaceOnEventList
 .text.vTaskPlaceOnEventListRestricted
                0x0000000008009b84       0x58 ./Middlewares/Third_Party/FreeRTOS/Source/tasks.o
                0x0000000008009b84                vTaskPlaceOnEventListRestricted
 .text.xTaskRemoveFromEventList
                0x0000000008009bdc       0xc8 ./Middlewares/Third_Party/FreeRTOS/Source/tasks.o
                0x0000000008009bdc                xTaskRemoveFromEventList
 .text.vTaskInternalSetTimeOutState
                0x0000000008009ca4       0x2c ./Middlewares/Third_Party/FreeRTOS/Source/tasks.o
                0x0000000008009ca4                vTaskInternalSetTimeOutState
 .text.xTaskCheckForTimeOut
                0x0000000008009cd0       0xc4 ./Middlewares/Third_Party/FreeRTOS/Source/tasks.o
                0x0000000008009cd0                xTaskCheckForTimeOut
 .text.vTaskMissedYield
                0x0000000008009d94       0x18 ./Middlewares/Third_Party/FreeRTOS/Source/tasks.o
                0x0000000008009d94                vTaskMissedYield
 .text.prvIdleTask
                0x0000000008009dac       0x30 ./Middlewares/Third_Party/FreeRTOS/Source/tasks.o
 .text.vTaskSetThreadLocalStoragePointer
                0x0000000008009ddc       0x5c ./Middlewares/Third_Party/FreeRTOS/Source/tasks.o
                0x0000000008009ddc                vTaskSetThreadLocalStoragePointer
 .text.pvTaskGetThreadLocalStoragePointer
                0x0000000008009e38       0x4c ./Middlewares/Third_Party/FreeRTOS/Source/tasks.o
                0x0000000008009e38                pvTaskGetThreadLocalStoragePointer
 .text.prvInitialiseTaskLists
                0x0000000008009e84       0x80 ./Middlewares/Third_Party/FreeRTOS/Source/tasks.o
 .text.prvCheckTasksWaitingTermination
                0x0000000008009f04       0x5c ./Middlewares/Third_Party/FreeRTOS/Source/tasks.o
 .text.prvDeleteTCB
                0x0000000008009f60       0x68 ./Middlewares/Third_Party/FreeRTOS/Source/tasks.o
 .text.prvResetNextTaskUnblockTime
                0x0000000008009fc8       0x40 ./Middlewares/Third_Party/FreeRTOS/Source/tasks.o
 .text.xTaskGetCurrentTaskHandle
                0x000000000800a008       0x20 ./Middlewares/Third_Party/FreeRTOS/Source/tasks.o
                0x000000000800a008                xTaskGetCurrentTaskHandle
 .text.xTaskGetSchedulerState
                0x000000000800a028       0x3c ./Middlewares/Third_Party/FreeRTOS/Source/tasks.o
                0x000000000800a028                xTaskGetSchedulerState
 .text.xTaskPriorityDisinherit
                0x000000000800a064       0xdc ./Middlewares/Third_Party/FreeRTOS/Source/tasks.o
                0x000000000800a064                xTaskPriorityDisinherit
 .text.ulTaskNotifyTake
                0x000000000800a140       0x98 ./Middlewares/Third_Party/FreeRTOS/Source/tasks.o
                0x000000000800a140                ulTaskNotifyTake
 .text.prvAddCurrentTaskToDelayedList
                0x000000000800a1d8       0xa8 ./Middlewares/Third_Party/FreeRTOS/Source/tasks.o
 .text.xTimerCreateTimerTask
                0x000000000800a280       0x90 ./Middlewares/Third_Party/FreeRTOS/Source/timers.o
                0x000000000800a280                xTimerCreateTimerTask
 .text.xTimerGenericCommand
                0x000000000800a310       0x9c ./Middlewares/Third_Party/FreeRTOS/Source/timers.o
                0x000000000800a310                xTimerGenericCommand
 .text.prvProcessExpiredTimer
                0x000000000800a3ac       0x98 ./Middlewares/Third_Party/FreeRTOS/Source/timers.o
 .text.prvTimerTask
                0x000000000800a444       0x24 ./Middlewares/Third_Party/FreeRTOS/Source/timers.o
 .text.prvProcessTimerOrBlockTask
                0x000000000800a468       0x9c ./Middlewares/Third_Party/FreeRTOS/Source/timers.o
 .text.prvGetNextExpireTime
                0x000000000800a504       0x48 ./Middlewares/Third_Party/FreeRTOS/Source/timers.o
 .text.prvSampleTimeNow
                0x000000000800a54c       0x40 ./Middlewares/Third_Party/FreeRTOS/Source/timers.o
 .text.prvInsertTimerInActiveList
                0x000000000800a58c       0x84 ./Middlewares/Third_Party/FreeRTOS/Source/timers.o
 .text.prvProcessReceivedCommands
                0x000000000800a610      0x1c4 ./Middlewares/Third_Party/FreeRTOS/Source/timers.o
 .text.prvSwitchTimerLists
                0x000000000800a7d4       0xc8 ./Middlewares/Third_Party/FreeRTOS/Source/timers.o
 .text.prvCheckForValidListAndQueue
                0x000000000800a89c       0x80 ./Middlewares/Third_Party/FreeRTOS/Source/timers.o
 .text.pxPortInitialiseStack
                0x000000000800a91c       0x68 ./Middlewares/Third_Party/FreeRTOS/Source/portable/GCC/ARM_CM4F/port.o
                0x000000000800a91c                pxPortInitialiseStack
 .text.prvTaskExitError
                0x000000000800a984       0x58 ./Middlewares/Third_Party/FreeRTOS/Source/portable/GCC/ARM_CM4F/port.o
 *fill*         0x000000000800a9dc        0x4 
 .text.SVC_Handler
                0x000000000800a9e0       0x28 ./Middlewares/Third_Party/FreeRTOS/Source/portable/GCC/ARM_CM4F/port.o
                0x000000000800a9e0                SVC_Handler
 .text.prvPortStartFirstTask
                0x000000000800aa08       0x28 ./Middlewares/Third_Party/FreeRTOS/Source/portable/GCC/ARM_CM4F/port.o
 .text.xPortStartScheduler
                0x000000000800aa30      0x144 ./Middlewares/Third_Party/FreeRTOS/Source/portable/GCC/ARM_CM4F/port.o
                0x000000000800aa30                xPortStartScheduler
 .text.vPortEnterCritical
                0x000000000800ab74       0x60 ./Middlewares/Third_Party/FreeRTOS/Source/portable/GCC/ARM_CM4F/port.o
                0x000000000800ab74                vPortEnterCritical
 .text.vPortExitCritical
                0x000000000800abd4       0x54 ./Middlewares/Third_Party/FreeRTOS/Source/portable/GCC/ARM_CM4F/port.o
                0x000000000800abd4                vPortExitCritical
 *fill*         0x000000000800ac28        0x8 
 .text.PendSV_Handler
                0x000000000800ac30       0x68 ./Middlewares/Third_Party/FreeRTOS/Source/portable/GCC/ARM_CM4F/port.o
                0x000000000800ac30                PendSV_Handler
 .text.xPortSysTickHandler
                0x000000000800ac98       0x44 ./Middlewares/Third_Party/FreeRTOS/Source/portable/GCC/ARM_CM4F/port.o
                0x000000000800ac98                xPortSysTickHandler
 .text.vPortSetupTimerInterrupt
                0x000000000800acdc       0x48 ./Middlewares/Third_Party/FreeRTOS/Source/portable/GCC/ARM_CM4F/port.o
                0x000000000800acdc                vPortSetupTimerInterrupt
 .text.vPortEnableVFP
                0x000000000800ad24       0x14 ./Middlewares/Third_Party/FreeRTOS/Source/portable/GCC/ARM_CM4F/port.o
 .text.vPortValidateInterruptPriority
                0x000000000800ad38       0x80 ./Middlewares/Third_Party/FreeRTOS/Source/portable/GCC/ARM_CM4F/port.o
                0x000000000800ad38                vPortValidateInterruptPriority
 .text.pvPortMalloc
                0x000000000800adb8      0x198 ./Middlewares/Third_Party/FreeRTOS/Source/portable/MemMang/heap_4.o
                0x000000000800adb8                pvPortMalloc
 .text.vPortFree
                0x000000000800af50       0xc4 ./Middlewares/Third_Party/FreeRTOS/Source/portable/MemMang/heap_4.o
                0x000000000800af50                vPortFree
 .text.prvHeapInit
                0x000000000800b014       0xc4 ./Middlewares/Third_Party/FreeRTOS/Source/portable/MemMang/heap_4.o
 .text.prvInsertBlockIntoFreeList
                0x000000000800b0d8       0xb4 ./Middlewares/Third_Party/FreeRTOS/Source/portable/MemMang/heap_4.o
 .text.__cvt    0x000000000800b18c       0xc4 C:/ST/STM32CubeIDE_1.13.2/STM32CubeIDE/plugins/com.st.stm32cube.ide.mcu.externaltools.gnu-tools-for-stm32.11.3.rel1.win32_1.1.1.202309131626/tools/bin/../lib/gcc/arm-none-eabi/11.3.1/../../../../arm-none-eabi/lib/thumb/v7e-m+fp/hard\libc_nano.a(libc_a-nano-vfprintf_float.o)
                0x000000000800b18c                __cvt
 .text.__exponent
                0x000000000800b250       0x7c C:/ST/STM32CubeIDE_1.13.2/STM32CubeIDE/plugins/com.st.stm32cube.ide.mcu.externaltools.gnu-tools-for-stm32.11.3.rel1.win32_1.1.1.202309131626/tools/bin/../lib/gcc/arm-none-eabi/11.3.1/../../../../arm-none-eabi/lib/thumb/v7e-m+fp/hard\libc_nano.a(libc_a-nano-vfprintf_float.o)
                0x000000000800b250                __exponent
 .text._printf_float
                0x000000000800b2cc      0x46c C:/ST/STM32CubeIDE_1.13.2/STM32CubeIDE/plugins/com.st.stm32cube.ide.mcu.externaltools.gnu-tools-for-stm32.11.3.rel1.win32_1.1.1.202309131626/tools/bin/../lib/gcc/arm-none-eabi/11.3.1/../../../../arm-none-eabi/lib/thumb/v7e-m+fp/hard\libc_nano.a(libc_a-nano-vfprintf_float.o)
                0x000000000800b2cc                _printf_float
 .text._printf_common
                0x000000000800b738       0xda C:/ST/STM32CubeIDE_1.13.2/STM32CubeIDE/plugins/com.st.stm32cube.ide.mcu.externaltools.gnu-tools-for-stm32.11.3.rel1.win32_1.1.1.202309131626/tools/bin/../lib/gcc/arm-none-eabi/11.3.1/../../../../arm-none-eabi/lib/thumb/v7e-m+fp/hard\libc_nano.a(libc_a-nano-vfprintf_i.o)
                0x000000000800b738                _printf_common
 *fill*         0x000000000800b812        0x2 
 .text._printf_i
                0x000000000800b814      0x244 C:/ST/STM32CubeIDE_1.13.2/STM32CubeIDE/plugins/com.st.stm32cube.ide.mcu.externaltools.gnu-tools-for-stm32.11.3.rel1.win32_1.1.1.202309131626/tools/bin/../lib/gcc/arm-none-eabi/11.3.1/../../../../arm-none-eabi/lib/thumb/v7e-m+fp/hard\libc_nano.a(libc_a-nano-vfprintf_i.o)
                0x000000000800b814                _printf_i
 .text.std      0x000000000800ba58       0x6c C:/ST/STM32CubeIDE_1.13.2/STM32CubeIDE/plugins/com.st.stm32cube.ide.mcu.externaltools.gnu-tools-for-stm32.11.3.rel1.win32_1.1.1.202309131626/tools/bin/../lib/gcc/arm-none-eabi/11.3.1/../../../../arm-none-eabi/lib/thumb/v7e-m+fp/hard\libc_nano.a(libc_a-findfp.o)
 .text.stdio_exit_handler
                0x000000000800bac4       0x18 C:/ST/STM32CubeIDE_1.13.2/STM32CubeIDE/plugins/com.st.stm32cube.ide.mcu.externaltools.gnu-tools-for-stm32.11.3.rel1.win32_1.1.1.202309131626/tools/bin/../lib/gcc/arm-none-eabi/11.3.1/../../../../arm-none-eabi/lib/thumb/v7e-m+fp/hard\libc_nano.a(libc_a-findfp.o)
 .text.cleanup_stdio
                0x000000000800badc       0x40 C:/ST/STM32CubeIDE_1.13.2/STM32CubeIDE/plugins/com.st.stm32cube.ide.mcu.externaltools.gnu-tools-for-stm32.11.3.rel1.win32_1.1.1.202309131626/tools/bin/../lib/gcc/arm-none-eabi/11.3.1/../../../../arm-none-eabi/lib/thumb/v7e-m+fp/hard\libc_nano.a(libc_a-findfp.o)
 .text.global_stdio_init.part.0
                0x000000000800bb1c       0x3c C:/ST/STM32CubeIDE_1.13.2/STM32CubeIDE/plugins/com.st.stm32cube.ide.mcu.externaltools.gnu-tools-for-stm32.11.3.rel1.win32_1.1.1.202309131626/tools/bin/../lib/gcc/arm-none-eabi/11.3.1/../../../../arm-none-eabi/lib/thumb/v7e-m+fp/hard\libc_nano.a(libc_a-findfp.o)
 .text.__sfp_lock_acquire
                0x000000000800bb58        0xc C:/ST/STM32CubeIDE_1.13.2/STM32CubeIDE/plugins/com.st.stm32cube.ide.mcu.externaltools.gnu-tools-for-stm32.11.3.rel1.win32_1.1.1.202309131626/tools/bin/../lib/gcc/arm-none-eabi/11.3.1/../../../../arm-none-eabi/lib/thumb/v7e-m+fp/hard\libc_nano.a(libc_a-findfp.o)
                0x000000000800bb58                __sfp_lock_acquire
 .text.__sfp_lock_release
                0x000000000800bb64        0xc C:/ST/STM32CubeIDE_1.13.2/STM32CubeIDE/plugins/com.st.stm32cube.ide.mcu.externaltools.gnu-tools-for-stm32.11.3.rel1.win32_1.1.1.202309131626/tools/bin/../lib/gcc/arm-none-eabi/11.3.1/../../../../arm-none-eabi/lib/thumb/v7e-m+fp/hard\libc_nano.a(libc_a-findfp.o)
                0x000000000800bb64                __sfp_lock_release
 .text.__sinit  0x000000000800bb70       0x30 C:/ST/STM32CubeIDE_1.13.2/STM32CubeIDE/plugins/com.st.stm32cube.ide.mcu.externaltools.gnu-tools-for-stm32.11.3.rel1.win32_1.1.1.202309131626/tools/bin/../lib/gcc/arm-none-eabi/11.3.1/../../../../arm-none-eabi/lib/thumb/v7e-m+fp/hard\libc_nano.a(libc_a-findfp.o)
                0x000000000800bb70                __sinit
 .text._fwalk_sglue
                0x000000000800bba0       0x3c C:/ST/STM32CubeIDE_1.13.2/STM32CubeIDE/plugins/com.st.stm32cube.ide.mcu.externaltools.gnu-tools-for-stm32.11.3.rel1.win32_1.1.1.202309131626/tools/bin/../lib/gcc/arm-none-eabi/11.3.1/../../../../arm-none-eabi/lib/thumb/v7e-m+fp/hard\libc_nano.a(libc_a-fwalk.o)
                0x000000000800bba0                _fwalk_sglue
 .text.printf   0x000000000800bbdc       0x24 C:/ST/STM32CubeIDE_1.13.2/STM32CubeIDE/plugins/com.st.stm32cube.ide.mcu.externaltools.gnu-tools-for-stm32.11.3.rel1.win32_1.1.1.202309131626/tools/bin/../lib/gcc/arm-none-eabi/11.3.1/../../../../arm-none-eabi/lib/thumb/v7e-m+fp/hard\libc_nano.a(libc_a-printf.o)
                0x000000000800bbdc                iprintf
                0x000000000800bbdc                printf
 .text._puts_r  0x000000000800bc00       0xa8 C:/ST/STM32CubeIDE_1.13.2/STM32CubeIDE/plugins/com.st.stm32cube.ide.mcu.externaltools.gnu-tools-for-stm32.11.3.rel1.win32_1.1.1.202309131626/tools/bin/../lib/gcc/arm-none-eabi/11.3.1/../../../../arm-none-eabi/lib/thumb/v7e-m+fp/hard\libc_nano.a(libc_a-puts.o)
                0x000000000800bc00                _puts_r
 .text.puts     0x000000000800bca8       0x10 C:/ST/STM32CubeIDE_1.13.2/STM32CubeIDE/plugins/com.st.stm32cube.ide.mcu.externaltools.gnu-tools-for-stm32.11.3.rel1.win32_1.1.1.202309131626/tools/bin/../lib/gcc/arm-none-eabi/11.3.1/../../../../arm-none-eabi/lib/thumb/v7e-m+fp/hard\libc_nano.a(libc_a-puts.o)
                0x000000000800bca8                puts
 .text.__sread  0x000000000800bcb8       0x22 C:/ST/STM32CubeIDE_1.13.2/STM32CubeIDE/plugins/com.st.stm32cube.ide.mcu.externaltools.gnu-tools-for-stm32.11.3.rel1.win32_1.1.1.202309131626/tools/bin/../lib/gcc/arm-none-eabi/11.3.1/../../../../arm-none-eabi/lib/thumb/v7e-m+fp/hard\libc_nano.a(libc_a-stdio.o)
                0x000000000800bcb8                __sread
 .text.__swrite
                0x000000000800bcda       0x38 C:/ST/STM32CubeIDE_1.13.2/STM32CubeIDE/plugins/com.st.stm32cube.ide.mcu.externaltools.gnu-tools-for-stm32.11.3.rel1.win32_1.1.1.202309131626/tools/bin/../lib/gcc/arm-none-eabi/11.3.1/../../../../arm-none-eabi/lib/thumb/v7e-m+fp/hard\libc_nano.a(libc_a-stdio.o)
                0x000000000800bcda                __swrite
 .text.__sseek  0x000000000800bd12       0x24 C:/ST/STM32CubeIDE_1.13.2/STM32CubeIDE/plugins/com.st.stm32cube.ide.mcu.externaltools.gnu-tools-for-stm32.11.3.rel1.win32_1.1.1.202309131626/tools/bin/../lib/gcc/arm-none-eabi/11.3.1/../../../../arm-none-eabi/lib/thumb/v7e-m+fp/hard\libc_nano.a(libc_a-stdio.o)
                0x000000000800bd12                __sseek
 .text.__sclose
                0x000000000800bd36        0x8 C:/ST/STM32CubeIDE_1.13.2/STM32CubeIDE/plugins/com.st.stm32cube.ide.mcu.externaltools.gnu-tools-for-stm32.11.3.rel1.win32_1.1.1.202309131626/tools/bin/../lib/gcc/arm-none-eabi/11.3.1/../../../../arm-none-eabi/lib/thumb/v7e-m+fp/hard\libc_nano.a(libc_a-stdio.o)
                0x000000000800bd36                __sclose
 .text.__swbuf_r
                0x000000000800bd3e       0x7a C:/ST/STM32CubeIDE_1.13.2/STM32CubeIDE/plugins/com.st.stm32cube.ide.mcu.externaltools.gnu-tools-for-stm32.11.3.rel1.win32_1.1.1.202309131626/tools/bin/../lib/gcc/arm-none-eabi/11.3.1/../../../../arm-none-eabi/lib/thumb/v7e-m+fp/hard\libc_nano.a(libc_a-wbuf.o)
                0x000000000800bd3e                __swbuf_r
 .text.__swsetup_r
                0x000000000800bdb8       0xb0 C:/ST/STM32CubeIDE_1.13.2/STM32CubeIDE/plugins/com.st.stm32cube.ide.mcu.externaltools.gnu-tools-for-stm32.11.3.rel1.win32_1.1.1.202309131626/tools/bin/../lib/gcc/arm-none-eabi/11.3.1/../../../../arm-none-eabi/lib/thumb/v7e-m+fp/hard\libc_nano.a(libc_a-wsetup.o)
                0x000000000800bdb8                __swsetup_r
 .text.memset   0x000000000800be68       0x10 C:/ST/STM32CubeIDE_1.13.2/STM32CubeIDE/plugins/com.st.stm32cube.ide.mcu.externaltools.gnu-tools-for-stm32.11.3.rel1.win32_1.1.1.202309131626/tools/bin/../lib/gcc/arm-none-eabi/11.3.1/../../../../arm-none-eabi/lib/thumb/v7e-m+fp/hard\libc_nano.a(libc_a-memset.o)
                0x000000000800be68                memset
 .text._localeconv_r
                0x000000000800be78        0x8 C:/ST/STM32CubeIDE_1.13.2/STM32CubeIDE/plugins/com.st.stm32cube.ide.mcu.externaltools.gnu-tools-for-stm32.11.3.rel1.win32_1.1.1.202309131626/tools/bin/../lib/gcc/arm-none-eabi/11.3.1/../../../../arm-none-eabi/lib/thumb/v7e-m+fp/hard\libc_nano.a(libc_a-localeconv.o)
                0x000000000800be78                _localeconv_r
 .text._close_r
                0x000000000800be80       0x20 C:/ST/STM32CubeIDE_1.13.2/STM32CubeIDE/plugins/com.st.stm32cube.ide.mcu.externaltools.gnu-tools-for-stm32.11.3.rel1.win32_1.1.1.202309131626/tools/bin/../lib/gcc/arm-none-eabi/11.3.1/../../../../arm-none-eabi/lib/thumb/v7e-m+fp/hard\libc_nano.a(libc_a-closer.o)
                0x000000000800be80                _close_r
 .text._reclaim_reent
                0x000000000800bea0       0xac C:/ST/STM32CubeIDE_1.13.2/STM32CubeIDE/plugins/com.st.stm32cube.ide.mcu.externaltools.gnu-tools-for-stm32.11.3.rel1.win32_1.1.1.202309131626/tools/bin/../lib/gcc/arm-none-eabi/11.3.1/../../../../arm-none-eabi/lib/thumb/v7e-m+fp/hard\libc_nano.a(libc_a-reent.o)
                0x000000000800bea0                _reclaim_reent
 .text._lseek_r
                0x000000000800bf4c       0x24 C:/ST/STM32CubeIDE_1.13.2/STM32CubeIDE/plugins/com.st.stm32cube.ide.mcu.externaltools.gnu-tools-for-stm32.11.3.rel1.win32_1.1.1.202309131626/tools/bin/../lib/gcc/arm-none-eabi/11.3.1/../../../../arm-none-eabi/lib/thumb/v7e-m+fp/hard\libc_nano.a(libc_a-lseekr.o)
                0x000000000800bf4c                _lseek_r
 .text._read_r  0x000000000800bf70       0x24 C:/ST/STM32CubeIDE_1.13.2/STM32CubeIDE/plugins/com.st.stm32cube.ide.mcu.externaltools.gnu-tools-for-stm32.11.3.rel1.win32_1.1.1.202309131626/tools/bin/../lib/gcc/arm-none-eabi/11.3.1/../../../../arm-none-eabi/lib/thumb/v7e-m+fp/hard\libc_nano.a(libc_a-readr.o)
                0x000000000800bf70                _read_r
 .text._write_r
                0x000000000800bf94       0x24 C:/ST/STM32CubeIDE_1.13.2/STM32CubeIDE/plugins/com.st.stm32cube.ide.mcu.externaltools.gnu-tools-for-stm32.11.3.rel1.win32_1.1.1.202309131626/tools/bin/../lib/gcc/arm-none-eabi/11.3.1/../../../../arm-none-eabi/lib/thumb/v7e-m+fp/hard\libc_nano.a(libc_a-writer.o)
                0x000000000800bf94                _write_r
 .text.__errno  0x000000000800bfb8        0xc C:/ST/STM32CubeIDE_1.13.2/STM32CubeIDE/plugins/com.st.stm32cube.ide.mcu.externaltools.gnu-tools-for-stm32.11.3.rel1.win32_1.1.1.202309131626/tools/bin/../lib/gcc/arm-none-eabi/11.3.1/../../../../arm-none-eabi/lib/thumb/v7e-m+fp/hard\libc_nano.a(libc_a-errno.o)
                0x000000000800bfb8                __errno
 .text.__libc_init_array
                0x000000000800bfc4       0x48 C:/ST/STM32CubeIDE_1.13.2/STM32CubeIDE/plugins/com.st.stm32cube.ide.mcu.externaltools.gnu-tools-for-stm32.11.3.rel1.win32_1.1.1.202309131626/tools/bin/../lib/gcc/arm-none-eabi/11.3.1/../../../../arm-none-eabi/lib/thumb/v7e-m+fp/hard\libc_nano.a(libc_a-init.o)
                0x000000000800bfc4                __libc_init_array
 .text.__retarget_lock_init_recursive
                0x000000000800c00c        0x2 C:/ST/STM32CubeIDE_1.13.2/STM32CubeIDE/plugins/com.st.stm32cube.ide.mcu.externaltools.gnu-tools-for-stm32.11.3.rel1.win32_1.1.1.202309131626/tools/bin/../lib/gcc/arm-none-eabi/11.3.1/../../../../arm-none-eabi/lib/thumb/v7e-m+fp/hard\libc_nano.a(libc_a-lock.o)
                0x000000000800c00c                __retarget_lock_init_recursive
 .text.__retarget_lock_acquire_recursive
                0x000000000800c00e        0x2 C:/ST/STM32CubeIDE_1.13.2/STM32CubeIDE/plugins/com.st.stm32cube.ide.mcu.externaltools.gnu-tools-for-stm32.11.3.rel1.win32_1.1.1.202309131626/tools/bin/../lib/gcc/arm-none-eabi/11.3.1/../../../../arm-none-eabi/lib/thumb/v7e-m+fp/hard\libc_nano.a(libc_a-lock.o)
                0x000000000800c00e                __retarget_lock_acquire_recursive
 .text.__retarget_lock_release_recursive
                0x000000000800c010        0x2 C:/ST/STM32CubeIDE_1.13.2/STM32CubeIDE/plugins/com.st.stm32cube.ide.mcu.externaltools.gnu-tools-for-stm32.11.3.rel1.win32_1.1.1.202309131626/tools/bin/../lib/gcc/arm-none-eabi/11.3.1/../../../../arm-none-eabi/lib/thumb/v7e-m+fp/hard\libc_nano.a(libc_a-lock.o)
                0x000000000800c010                __retarget_lock_release_recursive
 .text.memcpy   0x000000000800c012       0x1c C:/ST/STM32CubeIDE_1.13.2/STM32CubeIDE/plugins/com.st.stm32cube.ide.mcu.externaltools.gnu-tools-for-stm32.11.3.rel1.win32_1.1.1.202309131626/tools/bin/../lib/gcc/arm-none-eabi/11.3.1/../../../../arm-none-eabi/lib/thumb/v7e-m+fp/hard\libc_nano.a(libc_a-memcpy-stub.o)
                0x000000000800c012                memcpy
 .text.quorem   0x000000000800c02e      0x110 C:/ST/STM32CubeIDE_1.13.2/STM32CubeIDE/plugins/com.st.stm32cube.ide.mcu.externaltools.gnu-tools-for-stm32.11.3.rel1.win32_1.1.1.202309131626/tools/bin/../lib/gcc/arm-none-eabi/11.3.1/../../../../arm-none-eabi/lib/thumb/v7e-m+fp/hard\libc_nano.a(libc_a-dtoa.o)
 *fill*         0x000000000800c13e        0x2 
 .text._dtoa_r  0x000000000800c140      0xbe4 C:/ST/STM32CubeIDE_1.13.2/STM32CubeIDE/plugins/com.st.stm32cube.ide.mcu.externaltools.gnu-tools-for-stm32.11.3.rel1.win32_1.1.1.202309131626/tools/bin/../lib/gcc/arm-none-eabi/11.3.1/../../../../arm-none-eabi/lib/thumb/v7e-m+fp/hard\libc_nano.a(libc_a-dtoa.o)
                0x000000000800c140                _dtoa_r
 .text._free_r  0x000000000800cd24       0x98 C:/ST/STM32CubeIDE_1.13.2/STM32CubeIDE/plugins/com.st.stm32cube.ide.mcu.externaltools.gnu-tools-for-stm32.11.3.rel1.win32_1.1.1.202309131626/tools/bin/../lib/gcc/arm-none-eabi/11.3.1/../../../../arm-none-eabi/lib/thumb/v7e-m+fp/hard\libc_nano.a(libc_a-freer.o)
                0x000000000800cd24                _free_r
 .text.malloc   0x000000000800cdbc       0x10 C:/ST/STM32CubeIDE_1.13.2/STM32CubeIDE/plugins/com.st.stm32cube.ide.mcu.externaltools.gnu-tools-for-stm32.11.3.rel1.win32_1.1.1.202309131626/tools/bin/../lib/gcc/arm-none-eabi/11.3.1/../../../../arm-none-eabi/lib/thumb/v7e-m+fp/hard\libc_nano.a(libc_a-malloc.o)
                0x000000000800cdbc                malloc
 .text.sbrk_aligned
                0x000000000800cdcc       0x40 C:/ST/STM32CubeIDE_1.13.2/STM32CubeIDE/plugins/com.st.stm32cube.ide.mcu.externaltools.gnu-tools-for-stm32.11.3.rel1.win32_1.1.1.202309131626/tools/bin/../lib/gcc/arm-none-eabi/11.3.1/../../../../arm-none-eabi/lib/thumb/v7e-m+fp/hard\libc_nano.a(libc_a-mallocr.o)
 .text._malloc_r
                0x000000000800ce0c      0x100 C:/ST/STM32CubeIDE_1.13.2/STM32CubeIDE/plugins/com.st.stm32cube.ide.mcu.externaltools.gnu-tools-for-stm32.11.3.rel1.win32_1.1.1.202309131626/tools/bin/../lib/gcc/arm-none-eabi/11.3.1/../../../../arm-none-eabi/lib/thumb/v7e-m+fp/hard\libc_nano.a(libc_a-mallocr.o)
                0x000000000800ce0c                _malloc_r
 .text.__malloc_lock
                0x000000000800cf0c        0xc C:/ST/STM32CubeIDE_1.13.2/STM32CubeIDE/plugins/com.st.stm32cube.ide.mcu.externaltools.gnu-tools-for-stm32.11.3.rel1.win32_1.1.1.202309131626/tools/bin/../lib/gcc/arm-none-eabi/11.3.1/../../../../arm-none-eabi/lib/thumb/v7e-m+fp/hard\libc_nano.a(libc_a-mlock.o)
                0x000000000800cf0c                __malloc_lock
 .text.__malloc_unlock
                0x000000000800cf18        0xc C:/ST/STM32CubeIDE_1.13.2/STM32CubeIDE/plugins/com.st.stm32cube.ide.mcu.externaltools.gnu-tools-for-stm32.11.3.rel1.win32_1.1.1.202309131626/tools/bin/../lib/gcc/arm-none-eabi/11.3.1/../../../../arm-none-eabi/lib/thumb/v7e-m+fp/hard\libc_nano.a(libc_a-mlock.o)
                0x000000000800cf18                __malloc_unlock
 .text._Balloc  0x000000000800cf24       0x80 C:/ST/STM32CubeIDE_1.13.2/STM32CubeIDE/plugins/com.st.stm32cube.ide.mcu.externaltools.gnu-tools-for-stm32.11.3.rel1.win32_1.1.1.202309131626/tools/bin/../lib/gcc/arm-none-eabi/11.3.1/../../../../arm-none-eabi/lib/thumb/v7e-m+fp/hard\libc_nano.a(libc_a-mprec.o)
                0x000000000800cf24                _Balloc
 .text._Bfree   0x000000000800cfa4       0x44 C:/ST/STM32CubeIDE_1.13.2/STM32CubeIDE/plugins/com.st.stm32cube.ide.mcu.externaltools.gnu-tools-for-stm32.11.3.rel1.win32_1.1.1.202309131626/tools/bin/../lib/gcc/arm-none-eabi/11.3.1/../../../../arm-none-eabi/lib/thumb/v7e-m+fp/hard\libc_nano.a(libc_a-mprec.o)
                0x000000000800cfa4                _Bfree
 .text.__multadd
                0x000000000800cfe8       0x8c C:/ST/STM32CubeIDE_1.13.2/STM32CubeIDE/plugins/com.st.stm32cube.ide.mcu.externaltools.gnu-tools-for-stm32.11.3.rel1.win32_1.1.1.202309131626/tools/bin/../lib/gcc/arm-none-eabi/11.3.1/../../../../arm-none-eabi/lib/thumb/v7e-m+fp/hard\libc_nano.a(libc_a-mprec.o)
                0x000000000800cfe8                __multadd
 .text.__hi0bits
                0x000000000800d074       0x40 C:/ST/STM32CubeIDE_1.13.2/STM32CubeIDE/plugins/com.st.stm32cube.ide.mcu.externaltools.gnu-tools-for-stm32.11.3.rel1.win32_1.1.1.202309131626/tools/bin/../lib/gcc/arm-none-eabi/11.3.1/../../../../arm-none-eabi/lib/thumb/v7e-m+fp/hard\libc_nano.a(libc_a-mprec.o)
                0x000000000800d074                __hi0bits
 .text.__lo0bits
                0x000000000800d0b4       0x5a C:/ST/STM32CubeIDE_1.13.2/STM32CubeIDE/plugins/com.st.stm32cube.ide.mcu.externaltools.gnu-tools-for-stm32.11.3.rel1.win32_1.1.1.202309131626/tools/bin/../lib/gcc/arm-none-eabi/11.3.1/../../../../arm-none-eabi/lib/thumb/v7e-m+fp/hard\libc_nano.a(libc_a-mprec.o)
                0x000000000800d0b4                __lo0bits
 *fill*         0x000000000800d10e        0x2 
 .text.__i2b    0x000000000800d110       0x2c C:/ST/STM32CubeIDE_1.13.2/STM32CubeIDE/plugins/com.st.stm32cube.ide.mcu.externaltools.gnu-tools-for-stm32.11.3.rel1.win32_1.1.1.202309131626/tools/bin/../lib/gcc/arm-none-eabi/11.3.1/../../../../arm-none-eabi/lib/thumb/v7e-m+fp/hard\libc_nano.a(libc_a-mprec.o)
                0x000000000800d110                __i2b
 .text.__multiply
                0x000000000800d13c      0x154 C:/ST/STM32CubeIDE_1.13.2/STM32CubeIDE/plugins/com.st.stm32cube.ide.mcu.externaltools.gnu-tools-for-stm32.11.3.rel1.win32_1.1.1.202309131626/tools/bin/../lib/gcc/arm-none-eabi/11.3.1/../../../../arm-none-eabi/lib/thumb/v7e-m+fp/hard\libc_nano.a(libc_a-mprec.o)
                0x000000000800d13c                __multiply
 .text.__pow5mult
                0x000000000800d290       0xb4 C:/ST/STM32CubeIDE_1.13.2/STM32CubeIDE/plugins/com.st.stm32cube.ide.mcu.externaltools.gnu-tools-for-stm32.11.3.rel1.win32_1.1.1.202309131626/tools/bin/../lib/gcc/arm-none-eabi/11.3.1/../../../../arm-none-eabi/lib/thumb/v7e-m+fp/hard\libc_nano.a(libc_a-mprec.o)
                0x000000000800d290                __pow5mult
 .text.__lshift
                0x000000000800d344       0xd8 C:/ST/STM32CubeIDE_1.13.2/STM32CubeIDE/plugins/com.st.stm32cube.ide.mcu.externaltools.gnu-tools-for-stm32.11.3.rel1.win32_1.1.1.202309131626/tools/bin/../lib/gcc/arm-none-eabi/11.3.1/../../../../arm-none-eabi/lib/thumb/v7e-m+fp/hard\libc_nano.a(libc_a-mprec.o)
                0x000000000800d344                __lshift
 .text.__mcmp   0x000000000800d41c       0x38 C:/ST/STM32CubeIDE_1.13.2/STM32CubeIDE/plugins/com.st.stm32cube.ide.mcu.externaltools.gnu-tools-for-stm32.11.3.rel1.win32_1.1.1.202309131626/tools/bin/../lib/gcc/arm-none-eabi/11.3.1/../../../../arm-none-eabi/lib/thumb/v7e-m+fp/hard\libc_nano.a(libc_a-mprec.o)
                0x000000000800d41c                __mcmp
 .text.__mdiff  0x000000000800d454      0x114 C:/ST/STM32CubeIDE_1.13.2/STM32CubeIDE/plugins/com.st.stm32cube.ide.mcu.externaltools.gnu-tools-for-stm32.11.3.rel1.win32_1.1.1.202309131626/tools/bin/../lib/gcc/arm-none-eabi/11.3.1/../../../../arm-none-eabi/lib/thumb/v7e-m+fp/hard\libc_nano.a(libc_a-mprec.o)
                0x000000000800d454                __mdiff
 .text.__d2b    0x000000000800d568       0xb4 C:/ST/STM32CubeIDE_1.13.2/STM32CubeIDE/plugins/com.st.stm32cube.ide.mcu.externaltools.gnu-tools-for-stm32.11.3.rel1.win32_1.1.1.202309131626/tools/bin/../lib/gcc/arm-none-eabi/11.3.1/../../../../arm-none-eabi/lib/thumb/v7e-m+fp/hard\libc_nano.a(libc_a-mprec.o)
                0x000000000800d568                __d2b
 .text.__sfputc_r
                0x000000000800d61c       0x2e C:/ST/STM32CubeIDE_1.13.2/STM32CubeIDE/plugins/com.st.stm32cube.ide.mcu.externaltools.gnu-tools-for-stm32.11.3.rel1.win32_1.1.1.202309131626/tools/bin/../lib/gcc/arm-none-eabi/11.3.1/../../../../arm-none-eabi/lib/thumb/v7e-m+fp/hard\libc_nano.a(libc_a-nano-vfprintf.o)
 .text.__sfputs_r
                0x000000000800d64a       0x24 C:/ST/STM32CubeIDE_1.13.2/STM32CubeIDE/plugins/com.st.stm32cube.ide.mcu.externaltools.gnu-tools-for-stm32.11.3.rel1.win32_1.1.1.202309131626/tools/bin/../lib/gcc/arm-none-eabi/11.3.1/../../../../arm-none-eabi/lib/thumb/v7e-m+fp/hard\libc_nano.a(libc_a-nano-vfprintf.o)
                0x000000000800d64a                __sfputs_r
 *fill*         0x000000000800d66e        0x2 
 .text._vfprintf_r
                0x000000000800d670      0x234 C:/ST/STM32CubeIDE_1.13.2/STM32CubeIDE/plugins/com.st.stm32cube.ide.mcu.externaltools.gnu-tools-for-stm32.11.3.rel1.win32_1.1.1.202309131626/tools/bin/../lib/gcc/arm-none-eabi/11.3.1/../../../../arm-none-eabi/lib/thumb/v7e-m+fp/hard\libc_nano.a(libc_a-nano-vfprintf.o)
                0x000000000800d670                _vfprintf_r
                0x000000000800d670                _vfiprintf_r
 .text.__sflush_r
                0x000000000800d8a4      0x10c C:/ST/STM32CubeIDE_1.13.2/STM32CubeIDE/plugins/com.st.stm32cube.ide.mcu.externaltools.gnu-tools-for-stm32.11.3.rel1.win32_1.1.1.202309131626/tools/bin/../lib/gcc/arm-none-eabi/11.3.1/../../../../arm-none-eabi/lib/thumb/v7e-m+fp/hard\libc_nano.a(libc_a-fflush.o)
                0x000000000800d8a4                __sflush_r
 .text._fflush_r
                0x000000000800d9b0       0x50 C:/ST/STM32CubeIDE_1.13.2/STM32CubeIDE/plugins/com.st.stm32cube.ide.mcu.externaltools.gnu-tools-for-stm32.11.3.rel1.win32_1.1.1.202309131626/tools/bin/../lib/gcc/arm-none-eabi/11.3.1/../../../../arm-none-eabi/lib/thumb/v7e-m+fp/hard\libc_nano.a(libc_a-fflush.o)
                0x000000000800d9b0                _fflush_r
 .text.__swhatbuf_r
                0x000000000800da00       0x4c C:/ST/STM32CubeIDE_1.13.2/STM32CubeIDE/plugins/com.st.stm32cube.ide.mcu.externaltools.gnu-tools-for-stm32.11.3.rel1.win32_1.1.1.202309131626/tools/bin/../lib/gcc/arm-none-eabi/11.3.1/../../../../arm-none-eabi/lib/thumb/v7e-m+fp/hard\libc_nano.a(libc_a-makebuf.o)
                0x000000000800da00                __swhatbuf_r
 .text.__smakebuf_r
                0x000000000800da4c       0x78 C:/ST/STM32CubeIDE_1.13.2/STM32CubeIDE/plugins/com.st.stm32cube.ide.mcu.externaltools.gnu-tools-for-stm32.11.3.rel1.win32_1.1.1.202309131626/tools/bin/../lib/gcc/arm-none-eabi/11.3.1/../../../../arm-none-eabi/lib/thumb/v7e-m+fp/hard\libc_nano.a(libc_a-makebuf.o)
                0x000000000800da4c                __smakebuf_r
 .text._fstat_r
                0x000000000800dac4       0x24 C:/ST/STM32CubeIDE_1.13.2/STM32CubeIDE/plugins/com.st.stm32cube.ide.mcu.externaltools.gnu-tools-for-stm32.11.3.rel1.win32_1.1.1.202309131626/tools/bin/../lib/gcc/arm-none-eabi/11.3.1/../../../../arm-none-eabi/lib/thumb/v7e-m+fp/hard\libc_nano.a(libc_a-fstatr.o)
                0x000000000800dac4                _fstat_r
 .text._isatty_r
                0x000000000800dae8       0x20 C:/ST/STM32CubeIDE_1.13.2/STM32CubeIDE/plugins/com.st.stm32cube.ide.mcu.externaltools.gnu-tools-for-stm32.11.3.rel1.win32_1.1.1.202309131626/tools/bin/../lib/gcc/arm-none-eabi/11.3.1/../../../../arm-none-eabi/lib/thumb/v7e-m+fp/hard\libc_nano.a(libc_a-isattyr.o)
                0x000000000800dae8                _isatty_r
 .text._sbrk_r  0x000000000800db08       0x20 C:/ST/STM32CubeIDE_1.13.2/STM32CubeIDE/plugins/com.st.stm32cube.ide.mcu.externaltools.gnu-tools-for-stm32.11.3.rel1.win32_1.1.1.202309131626/tools/bin/../lib/gcc/arm-none-eabi/11.3.1/../../../../arm-none-eabi/lib/thumb/v7e-m+fp/hard\libc_nano.a(libc_a-sbrkr.o)
                0x000000000800db08                _sbrk_r
 .text.__assert_func
                0x000000000800db28       0x3c C:/ST/STM32CubeIDE_1.13.2/STM32CubeIDE/plugins/com.st.stm32cube.ide.mcu.externaltools.gnu-tools-for-stm32.11.3.rel1.win32_1.1.1.202309131626/tools/bin/../lib/gcc/arm-none-eabi/11.3.1/../../../../arm-none-eabi/lib/thumb/v7e-m+fp/hard\libc_nano.a(libc_a-assert.o)
                0x000000000800db28                __assert_func
 .text._calloc_r
                0x000000000800db64       0x2c C:/ST/STM32CubeIDE_1.13.2/STM32CubeIDE/plugins/com.st.stm32cube.ide.mcu.externaltools.gnu-tools-for-stm32.11.3.rel1.win32_1.1.1.202309131626/tools/bin/../lib/gcc/arm-none-eabi/11.3.1/../../../../arm-none-eabi/lib/thumb/v7e-m+fp/hard\libc_nano.a(libc_a-callocr.o)
                0x000000000800db64                _calloc_r
 .text.__ascii_mbtowc
                0x000000000800db90       0x24 C:/ST/STM32CubeIDE_1.13.2/STM32CubeIDE/plugins/com.st.stm32cube.ide.mcu.externaltools.gnu-tools-for-stm32.11.3.rel1.win32_1.1.1.202309131626/tools/bin/../lib/gcc/arm-none-eabi/11.3.1/../../../../arm-none-eabi/lib/thumb/v7e-m+fp/hard\libc_nano.a(libc_a-mbtowc_r.o)
                0x000000000800db90                __ascii_mbtowc
 .text.__ascii_wctomb
                0x000000000800dbb4       0x1a C:/ST/STM32CubeIDE_1.13.2/STM32CubeIDE/plugins/com.st.stm32cube.ide.mcu.externaltools.gnu-tools-for-stm32.11.3.rel1.win32_1.1.1.202309131626/tools/bin/../lib/gcc/arm-none-eabi/11.3.1/../../../../arm-none-eabi/lib/thumb/v7e-m+fp/hard\libc_nano.a(libc_a-wctomb_r.o)
                0x000000000800dbb4                __ascii_wctomb
 *fill*         0x000000000800dbce        0x2 
 .text.fprintf  0x000000000800dbd0       0x24 C:/ST/STM32CubeIDE_1.13.2/STM32CubeIDE/plugins/com.st.stm32cube.ide.mcu.externaltools.gnu-tools-for-stm32.11.3.rel1.win32_1.1.1.202309131626/tools/bin/../lib/gcc/arm-none-eabi/11.3.1/../../../../arm-none-eabi/lib/thumb/v7e-m+fp/hard\libc_nano.a(libc_a-fprintf.o)
                0x000000000800dbd0                fiprintf
                0x000000000800dbd0                fprintf
 .text.abort    0x000000000800dbf4        0xe C:/ST/STM32CubeIDE_1.13.2/STM32CubeIDE/plugins/com.st.stm32cube.ide.mcu.externaltools.gnu-tools-for-stm32.11.3.rel1.win32_1.1.1.202309131626/tools/bin/../lib/gcc/arm-none-eabi/11.3.1/../../../../arm-none-eabi/lib/thumb/v7e-m+fp/hard\libc_nano.a(libc_a-abort.o)
                0x000000000800dbf4                abort
 .text._raise_r
                0x000000000800dc02       0x50 C:/ST/STM32CubeIDE_1.13.2/STM32CubeIDE/plugins/com.st.stm32cube.ide.mcu.externaltools.gnu-tools-for-stm32.11.3.rel1.win32_1.1.1.202309131626/tools/bin/../lib/gcc/arm-none-eabi/11.3.1/../../../../arm-none-eabi/lib/thumb/v7e-m+fp/hard\libc_nano.a(libc_a-signal.o)
                0x000000000800dc02                _raise_r
 *fill*         0x000000000800dc52        0x2 
 .text.raise    0x000000000800dc54       0x10 C:/ST/STM32CubeIDE_1.13.2/STM32CubeIDE/plugins/com.st.stm32cube.ide.mcu.externaltools.gnu-tools-for-stm32.11.3.rel1.win32_1.1.1.202309131626/tools/bin/../lib/gcc/arm-none-eabi/11.3.1/../../../../arm-none-eabi/lib/thumb/v7e-m+fp/hard\libc_nano.a(libc_a-signal.o)
                0x000000000800dc54                raise
 .text._kill_r  0x000000000800dc64       0x24 C:/ST/STM32CubeIDE_1.13.2/STM32CubeIDE/plugins/com.st.stm32cube.ide.mcu.externaltools.gnu-tools-for-stm32.11.3.rel1.win32_1.1.1.202309131626/tools/bin/../lib/gcc/arm-none-eabi/11.3.1/../../../../arm-none-eabi/lib/thumb/v7e-m+fp/hard\libc_nano.a(libc_a-signalr.o)
                0x000000000800dc64                _kill_r
 .text._getpid_r
                0x000000000800dc88        0x4 C:/ST/STM32CubeIDE_1.13.2/STM32CubeIDE/plugins/com.st.stm32cube.ide.mcu.externaltools.gnu-tools-for-stm32.11.3.rel1.win32_1.1.1.202309131626/tools/bin/../lib/gcc/arm-none-eabi/11.3.1/../../../../arm-none-eabi/lib/thumb/v7e-m+fp/hard\libc_nano.a(libc_a-signalr.o)
                0x000000000800dc88                _getpid_r
 *(.glue_7)
 .glue_7        0x000000000800dc8c        0x0 linker stubs
 *(.glue_7t)
 .glue_7t       0x000000000800dc8c        0x0 linker stubs
 *(.eh_frame)
 .eh_frame      0x000000000800dc8c        0x0 C:/ST/STM32CubeIDE_1.13.2/STM32CubeIDE/plugins/com.st.stm32cube.ide.mcu.externaltools.gnu-tools-for-stm32.11.3.rel1.win32_1.1.1.202309131626/tools/bin/../lib/gcc/arm-none-eabi/11.3.1/thumb/v7e-m+fp/hard/crtbegin.o
 *(.init)
 .init          0x000000000800dc8c        0x4 C:/ST/STM32CubeIDE_1.13.2/STM32CubeIDE/plugins/com.st.stm32cube.ide.mcu.externaltools.gnu-tools-for-stm32.11.3.rel1.win32_1.1.1.202309131626/tools/bin/../lib/gcc/arm-none-eabi/11.3.1/thumb/v7e-m+fp/hard/crti.o
                0x000000000800dc8c                _init
 .init          0x000000000800dc90        0x8 C:/ST/STM32CubeIDE_1.13.2/STM32CubeIDE/plugins/com.st.stm32cube.ide.mcu.externaltools.gnu-tools-for-stm32.11.3.rel1.win32_1.1.1.202309131626/tools/bin/../lib/gcc/arm-none-eabi/11.3.1/thumb/v7e-m+fp/hard/crtn.o
 *(.fini)
 .fini          0x000000000800dc98        0x4 C:/ST/STM32CubeIDE_1.13.2/STM32CubeIDE/plugins/com.st.stm32cube.ide.mcu.externaltools.gnu-tools-for-stm32.11.3.rel1.win32_1.1.1.202309131626/tools/bin/../lib/gcc/arm-none-eabi/11.3.1/thumb/v7e-m+fp/hard/crti.o
                0x000000000800dc98                _fini
 .fini          0x000000000800dc9c        0x8 C:/ST/STM32CubeIDE_1.13.2/STM32CubeIDE/plugins/com.st.stm32cube.ide.mcu.externaltools.gnu-tools-for-stm32.11.3.rel1.win32_1.1.1.202309131626/tools/bin/../lib/gcc/arm-none-eabi/11.3.1/thumb/v7e-m+fp/hard/crtn.o
                0x000000000800dca4                . = ALIGN (0x4)
                0x000000000800dca4                _etext = .

.vfp11_veneer   0x000000000800dca4        0x0
 .vfp11_veneer  0x000000000800dca4        0x0 linker stubs

.v4_bx          0x000000000800dca4        0x0
 .v4_bx         0x000000000800dca4        0x0 linker stubs

.iplt           0x000000000800dca4        0x0
 .iplt          0x000000000800dca4        0x0 C:/ST/STM32CubeIDE_1.13.2/STM32CubeIDE/plugins/com.st.stm32cube.ide.mcu.externaltools.gnu-tools-for-stm32.11.3.rel1.win32_1.1.1.202309131626/tools/bin/../lib/gcc/arm-none-eabi/11.3.1/thumb/v7e-m+fp/hard/crtbegin.o

.rodata         0x000000000800dca8      0x4e4
                0x000000000800dca8                . = ALIGN (0x4)
 *(.rodata)
 .rodata        0x000000000800dca8       0x41 ./Core/Src/FreeRTOS_Tasks.o
 *fill*         0x000000000800dce9        0x3 
 .rodata        0x000000000800dcec       0x2d ./Core/Src/freertos.o
 *fill*         0x000000000800dd19        0x3 
 .rodata        0x000000000800dd1c       0x59 ./Core/Src/panda_comunication.o
 *fill*         0x000000000800dd75        0x3 
 .rodata        0x000000000800dd78       0x63 ./Core/Src/scheduler.o
 *fill*         0x000000000800dddb        0x1 
 .rodata        0x000000000800dddc        0x5 ./Middlewares/Third_Party/FreeRTOS/Source/tasks.o
 *fill*         0x000000000800dde1        0x3 
 .rodata        0x000000000800dde4        0xd ./Middlewares/Third_Party/FreeRTOS/Source/timers.o
 *(.rodata*)
 *fill*         0x000000000800ddf1        0x3 
 .rodata.Mutex_attributes
                0x000000000800ddf4       0x10 ./Core/Src/FreeRTOS_Tasks.o
                0x000000000800ddf4                Mutex_attributes
 .rodata.AHBPrescTable
                0x000000000800de04       0x10 ./Core/Src/system_stm32f4xx.o
                0x000000000800de04                AHBPrescTable
 .rodata.APBPrescTable
                0x000000000800de14        0x8 ./Core/Src/system_stm32f4xx.o
                0x000000000800de14                APBPrescTable
 .rodata._printf_float.str1.1
                0x000000000800de1c       0x12 C:/ST/STM32CubeIDE_1.13.2/STM32CubeIDE/plugins/com.st.stm32cube.ide.mcu.externaltools.gnu-tools-for-stm32.11.3.rel1.win32_1.1.1.202309131626/tools/bin/../lib/gcc/arm-none-eabi/11.3.1/../../../../arm-none-eabi/lib/thumb/v7e-m+fp/hard\libc_nano.a(libc_a-nano-vfprintf_float.o)
 .rodata._printf_i.str1.1
                0x000000000800de2e       0x22 C:/ST/STM32CubeIDE_1.13.2/STM32CubeIDE/plugins/com.st.stm32cube.ide.mcu.externaltools.gnu-tools-for-stm32.11.3.rel1.win32_1.1.1.202309131626/tools/bin/../lib/gcc/arm-none-eabi/11.3.1/../../../../arm-none-eabi/lib/thumb/v7e-m+fp/hard\libc_nano.a(libc_a-nano-vfprintf_i.o)
 .rodata._dtoa_r.str1.1
                0x000000000800de50       0x8d C:/ST/STM32CubeIDE_1.13.2/STM32CubeIDE/plugins/com.st.stm32cube.ide.mcu.externaltools.gnu-tools-for-stm32.11.3.rel1.win32_1.1.1.202309131626/tools/bin/../lib/gcc/arm-none-eabi/11.3.1/../../../../arm-none-eabi/lib/thumb/v7e-m+fp/hard\libc_nano.a(libc_a-dtoa.o)
                                         0x8f (size before relaxing)
 .rodata._Balloc.str1.1
                0x000000000800dedd       0x59 C:/ST/STM32CubeIDE_1.13.2/STM32CubeIDE/plugins/com.st.stm32cube.ide.mcu.externaltools.gnu-tools-for-stm32.11.3.rel1.win32_1.1.1.202309131626/tools/bin/../lib/gcc/arm-none-eabi/11.3.1/../../../../arm-none-eabi/lib/thumb/v7e-m+fp/hard\libc_nano.a(libc_a-mprec.o)
                                         0x70 (size before relaxing)
 .rodata.__multadd.str1.1